Γùç injected env (13) from .env // tip: Γîü auth for agents [www.vestauth.com]
Γùç injected env (0) from .env // tip: Γîÿ custom filepath { path: '/custom/path/.env' }
Test database bootstrapped: nodepress_cms_test_17268
Γùç injected env (13) from .env // tip: Γùê encrypted .env [www.dotenvx.com]
Seed complete. Login with admin@example.com / Admin@12345
Author account: author@example.com / Author@12345
Γùç injected env (13) from .env // tip: Γîÿ custom filepath { path: '/custom/path/.env' }
Γùç injected env (0) from .env // tip: Γîü auth for agents [www.vestauth.com]
  console.log
    Γùç injected env (0) from .env // tip: Γùê secrets for agents [www.dotenvx.com]

      at _log (node_modules/dotenv/lib/main.js:131:11)

  console.log
    Γùç injected env (0) from .env // tip: Γîÿ override existing { override: true }

      at _log (node_modules/dotenv/lib/main.js:131:11)

::ffff:127.0.0.1 - - [25/Jun/2026:06:17:06 +0000] "GET /admin/login HTTP/1.1" 200 - "-" "-"
::ffff:127.0.0.1 - - [25/Jun/2026:06:17:07 +0000] "POST /admin/login HTTP/1.1" 302 28 "-" "-"
::ffff:127.0.0.1 - - [25/Jun/2026:06:17:07 +0000] "GET /admin/plugins/seo-booster HTTP/1.1" 200 - "-" "-"
::ffff:127.0.0.1 - - [25/Jun/2026:06:17:07 +0000] "GET /admin/login HTTP/1.1" 200 - "-" "-"
::ffff:127.0.0.1 - - [25/Jun/2026:06:17:08 +0000] "POST /admin/login HTTP/1.1" 302 28 "-" "-"
::ffff:127.0.0.1 - - [25/Jun/2026:06:17:08 +0000] "GET /admin/plugins HTTP/1.1" 200 - "-" "-"
::ffff:127.0.0.1 - - [25/Jun/2026:06:17:08 +0000] "GET /admin/login HTTP/1.1" 200 - "-" "-"
::ffff:127.0.0.1 - - [25/Jun/2026:06:17:09 +0000] "POST /admin/login HTTP/1.1" 302 28 "-" "-"
::ffff:127.0.0.1 - - [25/Jun/2026:06:17:09 +0000] "GET /admin/plugins HTTP/1.1" 200 - "-" "-"
node.exe : (node:17268) [DEP0044] DeprecationWarning: The `util.isArray` API is deprecated. Please use 
`Array.isArray()` instead.
At line:1 char:1
+ & "C:\Program Files\nodejs/node.exe" "C:\Program Files\nodejs/node_mo ...
+ ~~~~~~~~~~~~~~~~~~~~~~~~~~~~~~~~~~~~~~~~~~~~~~~~~~~~~~~~~~~~~~~~~~~~~
    + CategoryInfo          : NotSpecified: ((node:17268) [D...ray()` instead.:String) [], RemoteException
    + FullyQualifiedErrorId : NativeCommandError
 
(Use `node --trace-deprecation ...` to show where the warning was created)
::ffff:127.0.0.1 - - [25/Jun/2026:06:17:09 +0000] "POST /admin/plugins/cookie-notice/deactivate HTTP/1.1" 302 36 "-" "-"
::ffff:127.0.0.1 - - [25/Jun/2026:06:17:09 +0000] "POST /admin/plugins/cookie-notice/activate HTTP/1.1" 302 36 "-" "-"
::ffff:127.0.0.1 - - [25/Jun/2026:06:17:11 +0000] "GET /admin/login HTTP/1.1" 200 - "-" "-"
::ffff:127.0.0.1 - - [25/Jun/2026:06:17:11 +0000] "POST /admin/login HTTP/1.1" 302 28 "-" "-"
::ffff:127.0.0.1 - - [25/Jun/2026:06:17:11 +0000] "GET /admin/plugins HTTP/1.1" 200 - "-" "-"
::ffff:127.0.0.1 - - [25/Jun/2026:06:17:11 +0000] "POST /admin/plugins/seo-booster/uninstall HTTP/1.1" 302 36 "-" "-"
::ffff:127.0.0.1 - - [25/Jun/2026:06:17:12 +0000] "GET /admin/login HTTP/1.1" 200 - "-" "-"
::ffff:127.0.0.1 - - [25/Jun/2026:06:17:12 +0000] "POST /admin/login HTTP/1.1" 302 28 "-" "-"
::ffff:127.0.0.1 - - [25/Jun/2026:06:17:12 +0000] "GET /admin/plugins HTTP/1.1" 200 - "-" "-"
::ffff:127.0.0.1 - - [25/Jun/2026:06:17:13 +0000] "POST /admin/plugins/upload?_csrf=d481a68625e6d9837067d453708473478a09d86464ea44a98457ba863de3ebc0 HTTP/1.1" 302 36 "-" "-"
::ffff:127.0.0.1 - - [25/Jun/2026:06:17:13 +0000] "GET / HTTP/1.1" 200 - "-" "-"
  console.log
    Γùç injected env (0) from .env // tip: Γîÿ custom filepath { path: '/custom/path/.env' }

      at _log (node_modules/dotenv/lib/main.js:131:11)

  console.log
    Γùç injected env (0) from .env // tip: Γîü auth for agents [www.vestauth.com]

      at _log (node_modules/dotenv/lib/main.js:131:11)

::ffff:127.0.0.1 - - [25/Jun/2026:06:17:15 +0000] "GET /admin/login HTTP/1.1" 200 - "-" "-"
::ffff:127.0.0.1 - - [25/Jun/2026:06:17:16 +0000] "POST /admin/login HTTP/1.1" 302 28 "-" "-"
::ffff:127.0.0.1 - - [25/Jun/2026:06:17:16 +0000] "GET /admin/themes HTTP/1.1" 200 - "-" "-"
::ffff:127.0.0.1 - - [25/Jun/2026:06:17:16 +0000] "POST /admin/themes/zip-parent-theme/uninstall HTTP/1.1" 302 35 "-" "-"
::ffff:127.0.0.1 - - [25/Jun/2026:06:17:17 +0000] "GET /admin/login HTTP/1.1" 200 - "-" "-"
::ffff:127.0.0.1 - - [25/Jun/2026:06:17:17 +0000] "POST /admin/login HTTP/1.1" 302 28 "-" "-"
::ffff:127.0.0.1 - - [25/Jun/2026:06:17:17 +0000] "GET /admin/themes HTTP/1.1" 200 - "-" "-"
::ffff:127.0.0.1 - - [25/Jun/2026:06:17:18 +0000] "POST /admin/themes/upload?_csrf=a4c4725026b835bf16918cea812c67b471dd9e91eb72d82a4f1e4ab2d0cfa4e1 HTTP/1.1" 302 35 "-" "-"
::ffff:127.0.0.1 - - [25/Jun/2026:06:17:18 +0000] "GET /admin/login HTTP/1.1" 200 - "-" "-"
::ffff:127.0.0.1 - - [25/Jun/2026:06:17:18 +0000] "POST /admin/login HTTP/1.1" 302 28 "-" "-"
::ffff:127.0.0.1 - - [25/Jun/2026:06:17:19 +0000] "GET /admin/themes HTTP/1.1" 200 - "-" "-"
::ffff:127.0.0.1 - - [25/Jun/2026:06:17:19 +0000] "POST /admin/themes/upload?_csrf=15040c2d4b7912f94a830c7f3465f56fd12f91dfb795d8a4364b31b492b09235 HTTP/1.1" 302 35 "-" "-"
::ffff:127.0.0.1 - - [25/Jun/2026:06:17:19 +0000] "GET /admin/themes HTTP/1.1" 200 - "-" "-"
::ffff:127.0.0.1 - - [25/Jun/2026:06:17:19 +0000] "POST /admin/themes/upload?_csrf=15040c2d4b7912f94a830c7f3465f56fd12f91dfb795d8a4364b31b492b09235 HTTP/1.1" 302 35 "-" "-"
::ffff:127.0.0.1 - - [25/Jun/2026:06:17:20 +0000] "GET /admin/themes HTTP/1.1" 200 - "-" "-"
::ffff:127.0.0.1 - - [25/Jun/2026:06:17:20 +0000] "POST /admin/themes/activate HTTP/1.1" 302 35 "-" "-"
::ffff:127.0.0.1 - - [25/Jun/2026:06:17:21 +0000] "GET /admin/themes HTTP/1.1" 200 - "-" "-"
::ffff:127.0.0.1 - - [25/Jun/2026:06:17:21 +0000] "POST /admin/themes/zip-child-theme/uninstall HTTP/1.1" 302 35 "-" "-"
::ffff:127.0.0.1 - - [25/Jun/2026:06:17:22 +0000] "GET /admin/themes HTTP/1.1" 200 - "-" "-"
::ffff:127.0.0.1 - - [25/Jun/2026:06:17:22 +0000] "POST /admin/themes/zip-parent-theme/uninstall HTTP/1.1" 302 35 "-" "-"
  console.log
    Γùç injected env (0) from .env // tip: Γîÿ suppress logs { quiet: true }

      at _log (node_modules/dotenv/lib/main.js:131:11)

  console.log
    Γùç injected env (0) from .env // tip: Γîÿ enable debugging { debug: true }

      at _log (node_modules/dotenv/lib/main.js:131:11)

::ffff:127.0.0.1 - - [25/Jun/2026:06:17:23 +0000] "GET /admin/login HTTP/1.1" 200 - "-" "-"
::ffff:127.0.0.1 - - [25/Jun/2026:06:17:23 +0000] "POST /admin/login HTTP/1.1" 302 28 "-" "-"
::ffff:127.0.0.1 - - [25/Jun/2026:06:17:24 +0000] "GET /admin/posts?q=rbac-own HTTP/1.1" 200 - "-" "-"
::ffff:127.0.0.1 - - [25/Jun/2026:06:17:24 +0000] "GET /admin/login HTTP/1.1" 200 - "-" "-"
::ffff:127.0.0.1 - - [25/Jun/2026:06:17:24 +0000] "POST /admin/login HTTP/1.1" 302 28 "-" "-"
::ffff:127.0.0.1 - - [25/Jun/2026:06:17:24 +0000] "GET /admin HTTP/1.1" 200 - "-" "-"
::ffff:127.0.0.1 - - [25/Jun/2026:06:17:24 +0000] "PUT /admin/posts/2 HTTP/1.1" 302 34 "-" "-"
::ffff:127.0.0.1 - - [25/Jun/2026:06:17:25 +0000] "GET /admin/login HTTP/1.1" 200 - "-" "-"
::ffff:127.0.0.1 - - [25/Jun/2026:06:17:25 +0000] "POST /admin/login HTTP/1.1" 302 28 "-" "-"
::ffff:127.0.0.1 - - [25/Jun/2026:06:17:25 +0000] "GET /admin HTTP/1.1" 200 - "-" "-"
::ffff:127.0.0.1 - - [25/Jun/2026:06:17:25 +0000] "PUT /admin/posts/1 HTTP/1.1" 302 34 "-" "-"
::ffff:127.0.0.1 - - [25/Jun/2026:06:17:25 +0000] "GET /admin/login HTTP/1.1" 200 - "-" "-"
::ffff:127.0.0.1 - - [25/Jun/2026:06:17:26 +0000] "POST /admin/login HTTP/1.1" 302 28 "-" "-"
::ffff:127.0.0.1 - - [25/Jun/2026:06:17:26 +0000] "GET /admin HTTP/1.1" 200 - "-" "-"
::ffff:127.0.0.1 - - [25/Jun/2026:06:17:26 +0000] "DELETE /admin/posts/3 HTTP/1.1" 302 34 "-" "-"
::ffff:127.0.0.1 - - [25/Jun/2026:06:17:26 +0000] "GET /admin/login HTTP/1.1" 200 - "-" "-"
::ffff:127.0.0.1 - - [25/Jun/2026:06:17:26 +0000] "POST /admin/login HTTP/1.1" 302 28 "-" "-"
::ffff:127.0.0.1 - - [25/Jun/2026:06:17:26 +0000] "GET /admin HTTP/1.1" 200 - "-" "-"
::ffff:127.0.0.1 - - [25/Jun/2026:06:17:27 +0000] "DELETE /admin/posts/1 HTTP/1.1" 302 34 "-" "-"
::ffff:127.0.0.1 - - [25/Jun/2026:06:17:27 +0000] "GET /admin/login HTTP/1.1" 200 - "-" "-"
::ffff:127.0.0.1 - - [25/Jun/2026:06:17:27 +0000] "POST /admin/login HTTP/1.1" 302 28 "-" "-"
::ffff:127.0.0.1 - - [25/Jun/2026:06:17:27 +0000] "GET /admin/media/1/edit HTTP/1.1" 200 - "-" "-"
::ffff:127.0.0.1 - - [25/Jun/2026:06:17:27 +0000] "GET /admin/media/2/edit HTTP/1.1" 302 34 "-" "-"
::ffff:127.0.0.1 - - [25/Jun/2026:06:17:28 +0000] "GET /admin/login HTTP/1.1" 200 - "-" "-"
::ffff:127.0.0.1 - - [25/Jun/2026:06:17:28 +0000] "POST /admin/login HTTP/1.1" 302 28 "-" "-"
::ffff:127.0.0.1 - - [25/Jun/2026:06:17:28 +0000] "GET /admin HTTP/1.1" 200 - "-" "-"
::ffff:127.0.0.1 - - [25/Jun/2026:06:17:28 +0000] "DELETE /admin/media/2 HTTP/1.1" 302 34 "-" "-"
  console.log
    Γùç injected env (0) from .env // tip: Γîÿ suppress logs { quiet: true }

      at _log (node_modules/dotenv/lib/main.js:131:11)

  console.log
    Γùç injected env (0) from .env // tip: Γîü auth for agents [www.vestauth.com]

      at _log (node_modules/dotenv/lib/main.js:131:11)

::ffff:127.0.0.1 - - [25/Jun/2026:06:17:30 +0000] "GET /admin/login HTTP/1.1" 200 - "-" "-"
::ffff:127.0.0.1 - - [25/Jun/2026:06:17:30 +0000] "POST /admin/login HTTP/1.1" 302 28 "-" "-"
::ffff:127.0.0.1 - - [25/Jun/2026:06:17:31 +0000] "GET /admin/categories HTTP/1.1" 302 36 "-" "-"
::ffff:127.0.0.1 - - [25/Jun/2026:06:17:31 +0000] "GET /admin/login HTTP/1.1" 200 - "-" "-"
::ffff:127.0.0.1 - - [25/Jun/2026:06:17:31 +0000] "POST /admin/login HTTP/1.1" 302 28 "-" "-"
::ffff:127.0.0.1 - - [25/Jun/2026:06:17:31 +0000] "GET /admin/posts HTTP/1.1" 200 - "-" "-"
::ffff:127.0.0.1 - - [25/Jun/2026:06:17:31 +0000] "GET /admin/login HTTP/1.1" 200 - "-" "-"
::ffff:127.0.0.1 - - [25/Jun/2026:06:17:32 +0000] "POST /admin/login HTTP/1.1" 302 28 "-" "-"
::ffff:127.0.0.1 - - [25/Jun/2026:06:17:32 +0000] "GET /admin/categories HTTP/1.1" 200 - "-" "-"
::ffff:127.0.0.1 - - [25/Jun/2026:06:17:32 +0000] "GET /admin/login HTTP/1.1" 200 - "-" "-"
::ffff:127.0.0.1 - - [25/Jun/2026:06:17:32 +0000] "POST /admin/login HTTP/1.1" 302 28 "-" "-"
::ffff:127.0.0.1 - - [25/Jun/2026:06:17:32 +0000] "GET /admin/plugins HTTP/1.1" 302 36 "-" "-"
::ffff:127.0.0.1 - - [25/Jun/2026:06:17:33 +0000] "GET /admin/login HTTP/1.1" 200 - "-" "-"
::ffff:127.0.0.1 - - [25/Jun/2026:06:17:33 +0000] "POST /admin/login HTTP/1.1" 302 28 "-" "-"
::ffff:127.0.0.1 - - [25/Jun/2026:06:17:33 +0000] "GET /admin/themes HTTP/1.1" 302 36 "-" "-"
::ffff:127.0.0.1 - - [25/Jun/2026:06:17:33 +0000] "GET /admin/login HTTP/1.1" 200 - "-" "-"
::ffff:127.0.0.1 - - [25/Jun/2026:06:17:33 +0000] "POST /admin/login HTTP/1.1" 302 28 "-" "-"
::ffff:127.0.0.1 - - [25/Jun/2026:06:17:34 +0000] "GET /admin/roles HTTP/1.1" 302 36 "-" "-"
::ffff:127.0.0.1 - - [25/Jun/2026:06:17:34 +0000] "GET /admin/login HTTP/1.1" 200 - "-" "-"
::ffff:127.0.0.1 - - [25/Jun/2026:06:17:34 +0000] "POST /admin/login HTTP/1.1" 302 23 "-" "-"
::ffff:127.0.0.1 - - [25/Jun/2026:06:17:34 +0000] "GET /admin/login HTTP/1.1" 200 - "-" "-"
::ffff:127.0.0.1 - - [25/Jun/2026:06:17:35 +0000] "POST /admin/login HTTP/1.1" 302 23 "-" "-"
::ffff:127.0.0.1 - - [25/Jun/2026:06:17:35 +0000] "GET /admin HTTP/1.1" 302 23 "-" "-"
  console.log
    Γùç injected env (0) from .env // tip: Γîÿ suppress logs { quiet: true }

      at _log (node_modules/dotenv/lib/main.js:131:11)

  console.log
    Γùç injected env (0) from .env // tip: Γîÿ enable debugging { debug: true }

      at _log (node_modules/dotenv/lib/main.js:131:11)

::ffff:127.0.0.1 - - [25/Jun/2026:06:17:36 +0000] "GET /admin/forgot-password HTTP/1.1" 200 - "-" "-"
::ffff:127.0.0.1 - - [25/Jun/2026:06:17:36 +0000] "GET /admin/forgot-password HTTP/1.1" 200 - "-" "-"
  console.log
    [mailer] [2026-06-25T06:17:36.577Z] To: admin@example.com | NodePress CMS ΓÇö Password reset
    Reset your password:
    
    http://localhost:3000/admin/reset-password?token=d6cfce8c34378d67a4be5f2b2bf0cecd83be191e27193c96397fa87496aab20a
    
    This link expires in 1 hour.

      at log (utils/mailer.js:58:11)

::ffff:127.0.0.1 - - [25/Jun/2026:06:17:36 +0000] "POST /admin/forgot-password HTTP/1.1" 302 34 "-" "-"
::ffff:127.0.0.1 - - [25/Jun/2026:06:17:36 +0000] "GET /admin/login HTTP/1.1" 200 - "-" "-"
::ffff:127.0.0.1 - - [25/Jun/2026:06:17:37 +0000] "POST /admin/login HTTP/1.1" 302 28 "-" "-"
::ffff:127.0.0.1 - - [25/Jun/2026:06:17:37 +0000] "GET /admin/profile HTTP/1.1" 200 - "-" "-"
::ffff:127.0.0.1 - - [25/Jun/2026:06:17:37 +0000] "GET /admin/login HTTP/1.1" 200 - "-" "-"
::ffff:127.0.0.1 - - [25/Jun/2026:06:17:37 +0000] "POST /admin/login HTTP/1.1" 302 28 "-" "-"
::ffff:127.0.0.1 - - [25/Jun/2026:06:17:37 +0000] "GET /admin/profile HTTP/1.1" 200 - "-" "-"
::ffff:127.0.0.1 - - [25/Jun/2026:06:17:37 +0000] "PUT /admin/profile HTTP/1.1" 302 36 "-" "-"
::ffff:127.0.0.1 - - [25/Jun/2026:06:17:38 +0000] "GET /admin/reset-password?token=sample-token HTTP/1.1" 200 - "-" "-"
::ffff:127.0.0.1 - - [25/Jun/2026:06:17:38 +0000] "GET /admin/login HTTP/1.1" 200 - "-" "-"
::ffff:127.0.0.1 - - [25/Jun/2026:06:17:38 +0000] "POST /admin/login HTTP/1.1" 302 75 "-" "-"
::ffff:127.0.0.1 - - [25/Jun/2026:06:17:38 +0000] "GET /admin/login HTTP/1.1" 200 - "-" "-"
::ffff:127.0.0.1 - - [25/Jun/2026:06:17:39 +0000] "POST /admin/login HTTP/1.1" 302 75 "-" "-"
::ffff:127.0.0.1 - - [25/Jun/2026:06:17:39 +0000] "GET /admin/login HTTP/1.1" 200 - "-" "-"
::ffff:127.0.0.1 - - [25/Jun/2026:06:17:39 +0000] "POST /admin/login HTTP/1.1" 302 75 "-" "-"
::ffff:127.0.0.1 - - [25/Jun/2026:06:17:39 +0000] "GET /admin/login HTTP/1.1" 200 - "-" "-"
::ffff:127.0.0.1 - - [25/Jun/2026:06:17:39 +0000] "POST /admin/login HTTP/1.1" 302 75 "-" "-"
::ffff:127.0.0.1 - - [25/Jun/2026:06:17:40 +0000] "GET /admin/login HTTP/1.1" 200 - "-" "-"
::ffff:127.0.0.1 - - [25/Jun/2026:06:17:40 +0000] "POST /admin/login HTTP/1.1" 302 75 "-" "-"
::ffff:127.0.0.1 - - [25/Jun/2026:06:17:40 +0000] "GET /admin/login HTTP/1.1" 200 - "-" "-"
::ffff:127.0.0.1 - - [25/Jun/2026:06:17:40 +0000] "POST /admin/login HTTP/1.1" 302 63 "-" "-"
::ffff:127.0.0.1 - - [25/Jun/2026:06:17:40 +0000] "GET /admin/login HTTP/1.1" 200 - "-" "-"
::ffff:127.0.0.1 - - [25/Jun/2026:06:17:40 +0000] "POST /admin/login HTTP/1.1" 302 63 "-" "-"
::ffff:127.0.0.1 - - [25/Jun/2026:06:17:41 +0000] "GET /admin/login HTTP/1.1" 200 - "-" "-"
::ffff:127.0.0.1 - - [25/Jun/2026:06:17:41 +0000] "POST /admin/login HTTP/1.1" 302 63 "-" "-"
::ffff:127.0.0.1 - - [25/Jun/2026:06:17:41 +0000] "GET /admin/login HTTP/1.1" 200 - "-" "-"
::ffff:127.0.0.1 - - [25/Jun/2026:06:17:41 +0000] "POST /admin/login HTTP/1.1" 302 34 "-" "-"
  console.log
    Γùç injected env (0) from .env // tip: Γîÿ enable debugging { debug: true }

      at _log (node_modules/dotenv/lib/main.js:131:11)

  console.log
    Γùç injected env (0) from .env // tip: Γîÿ multiple files { path: ['.env.local', '.env'] }

      at _log (node_modules/dotenv/lib/main.js:131:11)

::ffff:127.0.0.1 - - [25/Jun/2026:06:17:42 +0000] "GET /admin/login HTTP/1.1" 200 - "-" "-"
::ffff:127.0.0.1 - - [25/Jun/2026:06:17:42 +0000] "POST /admin/login HTTP/1.1" 302 28 "-" "-"
::ffff:127.0.0.1 - - [25/Jun/2026:06:17:43 +0000] "GET /admin/profile/2fa HTTP/1.1" 200 - "-" "-"
::ffff:127.0.0.1 - - [25/Jun/2026:06:17:43 +0000] "GET /admin/login HTTP/1.1" 200 - "-" "-"
::ffff:127.0.0.1 - - [25/Jun/2026:06:17:43 +0000] "POST /admin/login HTTP/1.1" 302 28 "-" "-"
::ffff:127.0.0.1 - - [25/Jun/2026:06:17:43 +0000] "GET /admin/profile/2fa HTTP/1.1" 200 - "-" "-"
::ffff:127.0.0.1 - - [25/Jun/2026:06:17:44 +0000] "GET /admin/profile/2fa HTTP/1.1" 200 - "-" "-"
::ffff:127.0.0.1 - - [25/Jun/2026:06:17:44 +0000] "POST /admin/profile/2fa/enable HTTP/1.1" 302 40 "-" "-"
::ffff:127.0.0.1 - - [25/Jun/2026:06:17:44 +0000] "GET /admin/login HTTP/1.1" 200 - "-" "-"
::ffff:127.0.0.1 - - [25/Jun/2026:06:17:44 +0000] "POST /admin/login HTTP/1.1" 302 60 "-" "-"
::ffff:127.0.0.1 - - [25/Jun/2026:06:17:44 +0000] "GET /admin/login HTTP/1.1" 200 - "-" "-"
::ffff:127.0.0.1 - - [25/Jun/2026:06:17:45 +0000] "POST /admin/login HTTP/1.1" 302 28 "-" "-"
::ffff:127.0.0.1 - - [25/Jun/2026:06:17:45 +0000] "GET /admin/login HTTP/1.1" 200 - "-" "-"
::ffff:127.0.0.1 - - [25/Jun/2026:06:17:45 +0000] "POST /admin/login HTTP/1.1" 302 28 "-" "-"
::ffff:127.0.0.1 - - [25/Jun/2026:06:17:45 +0000] "GET /admin/profile/2fa HTTP/1.1" 200 - "-" "-"
::ffff:127.0.0.1 - - [25/Jun/2026:06:17:45 +0000] "POST /admin/profile/2fa/disable HTTP/1.1" 302 36 "-" "-"
  console.log
    Γùç injected env (0) from .env // tip: Γùê secrets for agents [www.dotenvx.com]

      at _log (node_modules/dotenv/lib/main.js:131:11)

  console.log
    Γùç injected env (0) from .env // tip: Γùê secrets for agents [www.dotenvx.com]

      at _log (node_modules/dotenv/lib/main.js:131:11)

::ffff:127.0.0.1 - - [25/Jun/2026:06:17:46 +0000] "GET /admin/login HTTP/1.1" 200 - "-" "-"
::ffff:127.0.0.1 - - [25/Jun/2026:06:17:47 +0000] "POST /admin/login HTTP/1.1" 302 28 "-" "-"
::ffff:127.0.0.1 - - [25/Jun/2026:06:17:47 +0000] "GET /admin/users HTTP/1.1" 200 - "-" "-"
::ffff:127.0.0.1 - - [25/Jun/2026:06:17:47 +0000] "GET /admin/login HTTP/1.1" 200 - "-" "-"
::ffff:127.0.0.1 - - [25/Jun/2026:06:17:47 +0000] "POST /admin/login HTTP/1.1" 302 28 "-" "-"
::ffff:127.0.0.1 - - [25/Jun/2026:06:17:47 +0000] "GET /admin/tags HTTP/1.1" 200 - "-" "-"
::ffff:127.0.0.1 - - [25/Jun/2026:06:17:48 +0000] "GET /admin/tags/create HTTP/1.1" 200 - "-" "-"
::ffff:127.0.0.1 - - [25/Jun/2026:06:17:48 +0000] "POST /admin/tags HTTP/1.1" 302 33 "-" "-"
::ffff:127.0.0.1 - - [25/Jun/2026:06:17:48 +0000] "GET /admin/login HTTP/1.1" 200 - "-" "-"
::ffff:127.0.0.1 - - [25/Jun/2026:06:17:48 +0000] "POST /admin/login HTTP/1.1" 302 28 "-" "-"
::ffff:127.0.0.1 - - [25/Jun/2026:06:17:48 +0000] "GET /admin/messages HTTP/1.1" 200 - "-" "-"
::ffff:127.0.0.1 - - [25/Jun/2026:06:17:48 +0000] "GET /admin/login HTTP/1.1" 200 - "-" "-"
::ffff:127.0.0.1 - - [25/Jun/2026:06:17:49 +0000] "POST /admin/login HTTP/1.1" 302 28 "-" "-"
::ffff:127.0.0.1 - - [25/Jun/2026:06:17:49 +0000] "GET /admin/roles HTTP/1.1" 200 - "-" "-"
::ffff:127.0.0.1 - - [25/Jun/2026:06:17:51 +0000] "GET /admin/login HTTP/1.1" 200 - "-" "-"
::ffff:127.0.0.1 - - [25/Jun/2026:06:17:51 +0000] "POST /admin/login HTTP/1.1" 302 28 "-" "-"
::ffff:127.0.0.1 - - [25/Jun/2026:06:17:51 +0000] "GET /admin/menus HTTP/1.1" 200 - "-" "-"
::ffff:127.0.0.1 - - [25/Jun/2026:06:17:51 +0000] "GET /admin/banners HTTP/1.1" 200 - "-" "-"
::ffff:127.0.0.1 - - [25/Jun/2026:06:17:52 +0000] "GET /admin/sliders HTTP/1.1" 200 - "-" "-"
::ffff:127.0.0.1 - - [25/Jun/2026:06:17:52 +0000] "GET /admin/login HTTP/1.1" 200 - "-" "-"
::ffff:127.0.0.1 - - [25/Jun/2026:06:17:52 +0000] "POST /admin/login HTTP/1.1" 302 28 "-" "-"
::ffff:127.0.0.1 - - [25/Jun/2026:06:17:52 +0000] "GET /admin/comments/1/edit HTTP/1.1" 200 - "-" "-"
::ffff:127.0.0.1 - - [25/Jun/2026:06:17:52 +0000] "PUT /admin/comments/1 HTTP/1.1" 302 37 "-" "-"
  console.log
    Γùç injected env (0) from .env // tip: Γîÿ enable debugging { debug: true }

      at _log (node_modules/dotenv/lib/main.js:131:11)

  console.log
    Γùç injected env (0) from .env // tip: Γîÿ suppress logs { quiet: true }

      at _log (node_modules/dotenv/lib/main.js:131:11)

::ffff:127.0.0.1 - - [25/Jun/2026:06:17:53 +0000] "GET /admin/login HTTP/1.1" 200 - "-" "-"
::ffff:127.0.0.1 - - [25/Jun/2026:06:17:53 +0000] "GET /admin/login HTTP/1.1" 200 - "-" "-"
::ffff:127.0.0.1 - - [25/Jun/2026:06:17:54 +0000] "POST /admin/login HTTP/1.1" 302 60 "-" "-"
::ffff:127.0.0.1 - - [25/Jun/2026:06:17:54 +0000] "GET /admin/login HTTP/1.1" 200 - "-" "-"
::ffff:127.0.0.1 - - [25/Jun/2026:06:17:54 +0000] "POST /admin/login HTTP/1.1" 302 28 "-" "-"
::ffff:127.0.0.1 - - [25/Jun/2026:06:17:54 +0000] "GET /admin HTTP/1.1" 200 - "-" "-"
::ffff:127.0.0.1 - - [25/Jun/2026:06:17:54 +0000] "GET /admin/login HTTP/1.1" 200 - "-" "-"
::ffff:127.0.0.1 - - [25/Jun/2026:06:17:55 +0000] "POST /admin/login HTTP/1.1" 302 28 "-" "-"
::ffff:127.0.0.1 - - [25/Jun/2026:06:17:55 +0000] "GET /admin HTTP/1.1" 200 - "-" "-"
::ffff:127.0.0.1 - - [25/Jun/2026:06:17:55 +0000] "POST /admin/logout HTTP/1.1" 302 34 "-" "-"
::ffff:127.0.0.1 - - [25/Jun/2026:06:17:55 +0000] "GET /admin/profile HTTP/1.1" 302 34 "-" "-"
::ffff:127.0.0.1 - - [25/Jun/2026:06:17:55 +0000] "GET /admin/posts HTTP/1.1" 302 34 "-" "-"
::ffff:127.0.0.1 - - [25/Jun/2026:06:17:55 +0000] "GET /admin/login HTTP/1.1" 200 - "-" "-"
::ffff:127.0.0.1 - - [25/Jun/2026:06:17:56 +0000] "POST /admin/login HTTP/1.1" 302 60 "-" "-"
::ffff:127.0.0.1 - - [25/Jun/2026:06:17:56 +0000] "GET /admin/login HTTP/1.1" 200 - "-" "-"
::ffff:127.0.0.1 - - [25/Jun/2026:06:17:56 +0000] "POST /admin/login HTTP/1.1" 302 60 "-" "-"
::ffff:127.0.0.1 - - [25/Jun/2026:06:17:56 +0000] "GET /admin/login HTTP/1.1" 200 - "-" "-"
::ffff:127.0.0.1 - - [25/Jun/2026:06:17:57 +0000] "POST /admin/login HTTP/1.1" 302 60 "-" "-"
::ffff:127.0.0.1 - - [25/Jun/2026:06:17:57 +0000] "GET /admin/login HTTP/1.1" 200 - "-" "-"
  console.log
    Γùç injected env (0) from .env // tip: Γîÿ multiple files { path: ['.env.local', '.env'] }

      at _log (node_modules/dotenv/lib/main.js:131:11)

  console.log
    Γùç injected env (0) from .env // tip: Γîÿ suppress logs { quiet: true }

      at _log (node_modules/dotenv/lib/main.js:131:11)

::ffff:127.0.0.1 - - [25/Jun/2026:06:17:58 +0000] "GET /admin/login HTTP/1.1" 200 - "-" "-"
::ffff:127.0.0.1 - - [25/Jun/2026:06:17:58 +0000] "POST /admin/login HTTP/1.1" 302 28 "-" "-"
::ffff:127.0.0.1 - - [25/Jun/2026:06:17:58 +0000] "GET /admin/pages HTTP/1.1" 200 - "-" "-"
::ffff:127.0.0.1 - - [25/Jun/2026:06:17:58 +0000] "GET /admin/login HTTP/1.1" 200 - "-" "-"
::ffff:127.0.0.1 - - [25/Jun/2026:06:17:59 +0000] "POST /admin/login HTTP/1.1" 302 28 "-" "-"
::ffff:127.0.0.1 - - [25/Jun/2026:06:17:59 +0000] "GET /admin/pages/create HTTP/1.1" 200 - "-" "-"
::ffff:127.0.0.1 - - [25/Jun/2026:06:17:59 +0000] "POST /admin/pages HTTP/1.1" 302 34 "-" "-"
::ffff:127.0.0.1 - - [25/Jun/2026:06:17:59 +0000] "GET /page/test-page-1782368279226 HTTP/1.1" 200 - "-" "-"
::ffff:127.0.0.1 - - [25/Jun/2026:06:17:59 +0000] "GET /admin/login HTTP/1.1" 200 - "-" "-"
::ffff:127.0.0.1 - - [25/Jun/2026:06:17:59 +0000] "POST /admin/login HTTP/1.1" 302 28 "-" "-"
::ffff:127.0.0.1 - - [25/Jun/2026:06:18:00 +0000] "GET /admin/pages/6/edit HTTP/1.1" 200 - "-" "-"
::ffff:127.0.0.1 - - [25/Jun/2026:06:18:00 +0000] "PUT /admin/pages/6 HTTP/1.1" 302 34 "-" "-"
::ffff:127.0.0.1 - - [25/Jun/2026:06:18:00 +0000] "GET /admin/login HTTP/1.1" 200 - "-" "-"
::ffff:127.0.0.1 - - [25/Jun/2026:06:18:00 +0000] "POST /admin/login HTTP/1.1" 302 28 "-" "-"
::ffff:127.0.0.1 - - [25/Jun/2026:06:18:00 +0000] "GET /admin/pages/create HTTP/1.1" 200 - "-" "-"
::ffff:127.0.0.1 - - [25/Jun/2026:06:18:00 +0000] "POST /admin/pages HTTP/1.1" 302 34 "-" "-"
::ffff:127.0.0.1 - - [25/Jun/2026:06:18:01 +0000] "GET /admin/login HTTP/1.1" 200 - "-" "-"
::ffff:127.0.0.1 - - [25/Jun/2026:06:18:01 +0000] "POST /admin/login HTTP/1.1" 302 28 "-" "-"
::ffff:127.0.0.1 - - [25/Jun/2026:06:18:01 +0000] "GET /admin HTTP/1.1" 200 - "-" "-"
::ffff:127.0.0.1 - - [25/Jun/2026:06:18:01 +0000] "DELETE /admin/pages/9 HTTP/1.1" 302 34 "-" "-"
  console.log
    Γùç injected env (0) from .env // tip: Γîÿ suppress logs { quiet: true }

      at _log (node_modules/dotenv/lib/main.js:131:11)

  console.log
    Γùç injected env (0) from .env // tip: Γùê encrypted .env [www.dotenvx.com]

      at _log (node_modules/dotenv/lib/main.js:131:11)

::ffff:127.0.0.1 - - [25/Jun/2026:06:18:02 +0000] "GET /admin/login HTTP/1.1" 200 - "-" "-"
::ffff:127.0.0.1 - - [25/Jun/2026:06:18:02 +0000] "POST /admin/login HTTP/1.1" 302 28 "-" "-"
::ffff:127.0.0.1 - - [25/Jun/2026:06:18:03 +0000] "GET /admin HTTP/1.1" 200 - "-" "-"
::ffff:127.0.0.1 - - [25/Jun/2026:06:18:03 +0000] "GET /admin/login HTTP/1.1" 200 - "-" "-"
::ffff:127.0.0.1 - - [25/Jun/2026:06:18:03 +0000] "POST /admin/login HTTP/1.1" 302 28 "-" "-"
::ffff:127.0.0.1 - - [25/Jun/2026:06:18:03 +0000] "GET /admin/settings HTTP/1.1" 200 - "-" "-"
::ffff:127.0.0.1 - - [25/Jun/2026:06:18:03 +0000] "GET /admin/login HTTP/1.1" 200 - "-" "-"
::ffff:127.0.0.1 - - [25/Jun/2026:06:18:04 +0000] "POST /admin/login HTTP/1.1" 302 28 "-" "-"
::ffff:127.0.0.1 - - [25/Jun/2026:06:18:04 +0000] "GET /admin/settings HTTP/1.1" 200 - "-" "-"
::ffff:127.0.0.1 - - [25/Jun/2026:06:18:04 +0000] "PUT /admin/settings HTTP/1.1" 302 37 "-" "-"
::ffff:127.0.0.1 - - [25/Jun/2026:06:18:04 +0000] "GET /admin/login HTTP/1.1" 200 - "-" "-"
::ffff:127.0.0.1 - - [25/Jun/2026:06:18:04 +0000] "POST /admin/login HTTP/1.1" 302 28 "-" "-"
::ffff:127.0.0.1 - - [25/Jun/2026:06:18:05 +0000] "GET /admin/settings HTTP/1.1" 200 - "-" "-"
::ffff:127.0.0.1 - - [25/Jun/2026:06:18:05 +0000] "PUT /admin/settings?_method=PUT&_csrf=7e4270c5f31dbb1c42dfd5ccdf2ea89dae006601d3a54b4a6073f29a8944c74d HTTP/1.1" 302 37 "-" "-"
::ffff:127.0.0.1 - - [25/Jun/2026:06:18:05 +0000] "GET /admin/login HTTP/1.1" 200 - "-" "-"
::ffff:127.0.0.1 - - [25/Jun/2026:06:18:05 +0000] "POST /admin/login HTTP/1.1" 302 28 "-" "-"
::ffff:127.0.0.1 - - [25/Jun/2026:06:18:05 +0000] "GET /admin/settings HTTP/1.1" 302 36 "-" "-"
  console.log
    Γùç injected env (0) from .env // tip: Γîü auth for agents [www.vestauth.com]

      at _log (node_modules/dotenv/lib/main.js:131:11)

  console.log
    Γùç injected env (0) from .env // tip: Γîÿ multiple files { path: ['.env.local', '.env'] }

      at _log (node_modules/dotenv/lib/main.js:131:11)

::ffff:127.0.0.1 - - [25/Jun/2026:06:18:07 +0000] "GET /admin/login HTTP/1.1" 200 - "-" "-"
::ffff:127.0.0.1 - - [25/Jun/2026:06:18:07 +0000] "POST /admin/login HTTP/1.1" 302 28 "-" "-"
::ffff:127.0.0.1 - - [25/Jun/2026:06:18:07 +0000] "GET /admin/posts/5/edit HTTP/1.1" 200 - "-" "-"
::ffff:127.0.0.1 - - [25/Jun/2026:06:18:07 +0000] "GET /admin/login HTTP/1.1" 200 - "-" "-"
::ffff:127.0.0.1 - - [25/Jun/2026:06:18:08 +0000] "POST /admin/login HTTP/1.1" 302 28 "-" "-"
::ffff:127.0.0.1 - - [25/Jun/2026:06:18:08 +0000] "GET /admin/posts/6/edit HTTP/1.1" 302 34 "-" "-"
::ffff:127.0.0.1 - - [25/Jun/2026:06:18:08 +0000] "GET /admin/login HTTP/1.1" 200 - "-" "-"
::ffff:127.0.0.1 - - [25/Jun/2026:06:18:08 +0000] "POST /admin/login HTTP/1.1" 302 28 "-" "-"
::ffff:127.0.0.1 - - [25/Jun/2026:06:18:08 +0000] "GET /admin HTTP/1.1" 200 - "-" "-"
::ffff:127.0.0.1 - - [25/Jun/2026:06:18:08 +0000] "PUT /admin/posts/6 HTTP/1.1" 302 34 "-" "-"
::ffff:127.0.0.1 - - [25/Jun/2026:06:18:09 +0000] "GET /admin/login HTTP/1.1" 200 - "-" "-"
::ffff:127.0.0.1 - - [25/Jun/2026:06:18:09 +0000] "POST /admin/login HTTP/1.1" 302 28 "-" "-"
::ffff:127.0.0.1 - - [25/Jun/2026:06:18:09 +0000] "GET /admin HTTP/1.1" 200 - "-" "-"
::ffff:127.0.0.1 - - [25/Jun/2026:06:18:09 +0000] "POST /admin/quick-draft HTTP/1.1" 302 34 "-" "-"
  console.log
    Γùç injected env (0) from .env // tip: Γîÿ custom filepath { path: '/custom/path/.env' }

      at _log (node_modules/dotenv/lib/main.js:131:11)

  console.log
    Γùç injected env (0) from .env // tip: Γîÿ enable debugging { debug: true }

      at _log (node_modules/dotenv/lib/main.js:131:11)

::ffff:127.0.0.1 - - [25/Jun/2026:06:18:10 +0000] "GET /admin/login HTTP/1.1" 200 - "-" "-"
::ffff:127.0.0.1 - - [25/Jun/2026:06:18:10 +0000] "POST /admin/login HTTP/1.1" 302 28 "-" "-"
::ffff:127.0.0.1 - - [25/Jun/2026:06:18:11 +0000] "GET /admin/waf HTTP/1.1" 200 - "-" "-"
::ffff:127.0.0.1 - - [25/Jun/2026:06:18:11 +0000] "GET /admin/login HTTP/1.1" 200 - "-" "-"
::ffff:127.0.0.1 - - [25/Jun/2026:06:18:11 +0000] "POST /admin/login HTTP/1.1" 302 28 "-" "-"
::ffff:127.0.0.1 - - [25/Jun/2026:06:18:11 +0000] "GET /admin/waf/settings HTTP/1.1" 200 - "-" "-"
::ffff:127.0.0.1 - - [25/Jun/2026:06:18:11 +0000] "GET /admin/waf/rules HTTP/1.1" 200 - "-" "-"
::ffff:127.0.0.1 - - [25/Jun/2026:06:18:11 +0000] "GET /admin/waf/logs HTTP/1.1" 200 - "-" "-"
::ffff:127.0.0.1 - - [25/Jun/2026:06:18:12 +0000] "GET /admin/waf/ip-lists HTTP/1.1" 200 - "-" "-"
::ffff:127.0.0.1 - - [25/Jun/2026:06:18:12 +0000] "GET /admin/login HTTP/1.1" 200 - "-" "-"
::ffff:127.0.0.1 - - [25/Jun/2026:06:18:12 +0000] "POST /admin/login HTTP/1.1" 302 28 "-" "-"
::ffff:127.0.0.1 - - [25/Jun/2026:06:18:12 +0000] "GET /admin/waf/settings HTTP/1.1" 200 - "-" "-"
::ffff:127.0.0.1 - - [25/Jun/2026:06:18:12 +0000] "POST /admin/waf/settings HTTP/1.1" 302 41 "-" "-"
::ffff:127.0.0.1 - - [25/Jun/2026:06:18:12 +0000] "GET /admin/login HTTP/1.1" 200 - "-" "-"
::ffff:127.0.0.1 - - [25/Jun/2026:06:18:13 +0000] "POST /admin/login HTTP/1.1" 302 28 "-" "-"
::ffff:127.0.0.1 - - [25/Jun/2026:06:18:13 +0000] "GET /admin/waf/rules/create HTTP/1.1" 200 - "-" "-"
::ffff:127.0.0.1 - - [25/Jun/2026:06:18:13 +0000] "GET /admin/waf/rules/30/edit HTTP/1.1" 200 - "-" "-"
::ffff:127.0.0.1 - - [25/Jun/2026:06:18:13 +0000] "POST /admin/waf/rules/30/toggle HTTP/1.1" 302 38 "-" "-"
  console.log
    Γùç injected env (0) from .env // tip: Γîÿ override existing { override: true }

      at _log (node_modules/dotenv/lib/main.js:131:11)

  console.log
    Γùç injected env (0) from .env // tip: Γîÿ custom filepath { path: '/custom/path/.env' }

      at _log (node_modules/dotenv/lib/main.js:131:11)

::ffff:127.0.0.1 - - [25/Jun/2026:06:18:14 +0000] "GET /admin/login HTTP/1.1" 200 - "-" "-"
::ffff:127.0.0.1 - - [25/Jun/2026:06:18:15 +0000] "POST /admin/login HTTP/1.1" 302 28 "-" "-"
::ffff:127.0.0.1 - - [25/Jun/2026:06:18:15 +0000] "GET /admin/plugins HTTP/1.1" 200 - "-" "-"
::ffff:127.0.0.1 - - [25/Jun/2026:06:18:15 +0000] "POST /admin/plugins/upload?_csrf=91bb57cb0ac001184e612bb0f3bfdde12e46b9af2774a159961943ba6442668e HTTP/1.1" 302 36 "-" "-"
::ffff:127.0.0.1 - - [25/Jun/2026:06:18:15 +0000] "GET /admin/plugins HTTP/1.1" 200 - "-" "-"
::ffff:127.0.0.1 - - [25/Jun/2026:06:18:16 +0000] "POST /admin/plugins/full-lifecycle-plugin/activate HTTP/1.1" 302 36 "-" "-"
::ffff:127.0.0.1 - - [25/Jun/2026:06:18:16 +0000] "GET / HTTP/1.1" 200 - "-" "-"
::ffff:127.0.0.1 - - [25/Jun/2026:06:18:16 +0000] "GET /admin/plugins HTTP/1.1" 200 - "-" "-"
::ffff:127.0.0.1 - - [25/Jun/2026:06:18:16 +0000] "POST /admin/plugins/full-lifecycle-plugin/deactivate HTTP/1.1" 302 36 "-" "-"
::ffff:127.0.0.1 - - [25/Jun/2026:06:18:17 +0000] "GET / HTTP/1.1" 200 - "-" "-"
::ffff:127.0.0.1 - - [25/Jun/2026:06:18:17 +0000] "GET /admin/plugins HTTP/1.1" 200 - "-" "-"
::ffff:127.0.0.1 - - [25/Jun/2026:06:18:17 +0000] "POST /admin/plugins/full-lifecycle-plugin/uninstall HTTP/1.1" 302 36 "-" "-"
  console.log
    Γùç injected env (0) from .env // tip: Γîü auth for agents [www.vestauth.com]

      at _log (node_modules/dotenv/lib/main.js:131:11)

  console.log
    Γùç injected env (0) from .env // tip: Γùê secrets for agents [www.dotenvx.com]

      at _log (node_modules/dotenv/lib/main.js:131:11)

::ffff:127.0.0.1 - - [25/Jun/2026:06:18:18 +0000] "GET /admin/login HTTP/1.1" 200 - "-" "-"
::ffff:127.0.0.1 - - [25/Jun/2026:06:18:18 +0000] "POST /admin/login HTTP/1.1" 302 28 "-" "-"
::ffff:127.0.0.1 - - [25/Jun/2026:06:18:19 +0000] "GET /admin/revisions?resource_type=post&resource_id=8 HTTP/1.1" 200 - "-" "-"
::ffff:127.0.0.1 - - [25/Jun/2026:06:18:19 +0000] "GET /admin/login HTTP/1.1" 200 - "-" "-"
::ffff:127.0.0.1 - - [25/Jun/2026:06:18:19 +0000] "POST /admin/login HTTP/1.1" 302 28 "-" "-"
::ffff:127.0.0.1 - - [25/Jun/2026:06:18:19 +0000] "GET /admin/revisions?resource_type=post&resource_id=8 HTTP/1.1" 200 - "-" "-"
::ffff:127.0.0.1 - - [25/Jun/2026:06:18:19 +0000] "POST /admin/revisions/3/restore?_csrf=b2022ad6ed2dfc6a37009f99b3e7458b12d7b6b4e2848de6fb796748edb1c2fc HTTP/1.1" 302 71 "-" "-"
::ffff:127.0.0.1 - - [25/Jun/2026:06:18:20 +0000] "GET /admin/login HTTP/1.1" 200 - "-" "-"
::ffff:127.0.0.1 - - [25/Jun/2026:06:18:20 +0000] "POST /admin/login HTTP/1.1" 302 28 "-" "-"
::ffff:127.0.0.1 - - [25/Jun/2026:06:18:20 +0000] "GET /admin/posts/8/edit HTTP/1.1" 200 - "-" "-"
::ffff:127.0.0.1 - - [25/Jun/2026:06:18:20 +0000] "PUT /admin/posts/8?_csrf=1d7cb622a11855d78187f2043f7259020a55fa93b165567d0a7ed9d9a7d0079f HTTP/1.1" 302 34 "-" "-"
::ffff:127.0.0.1 - - [25/Jun/2026:06:18:20 +0000] "GET /admin/login HTTP/1.1" 200 - "-" "-"
::ffff:127.0.0.1 - - [25/Jun/2026:06:18:21 +0000] "POST /admin/login HTTP/1.1" 302 28 "-" "-"
::ffff:127.0.0.1 - - [25/Jun/2026:06:18:21 +0000] "GET /admin/posts/9/edit HTTP/1.1" 200 - "-" "-"
::ffff:127.0.0.1 - - [25/Jun/2026:06:18:21 +0000] "POST /admin/autosave?_csrf=7364f9ad173e9d59713514239b659a3812b9faed6b4fbf7a46b02ccdb5c2b57b HTTP/1.1" 200 49 "-" "-"
::ffff:127.0.0.1 - - [25/Jun/2026:06:18:21 +0000] "GET /admin/autosave?resource_type=post&resource_id=9 HTTP/1.1" 200 59 "-" "-"
::ffff:127.0.0.1 - - [25/Jun/2026:06:18:21 +0000] "GET /admin/login HTTP/1.1" 200 - "-" "-"
::ffff:127.0.0.1 - - [25/Jun/2026:06:18:22 +0000] "POST /admin/login HTTP/1.1" 302 28 "-" "-"
::ffff:127.0.0.1 - - [25/Jun/2026:06:18:22 +0000] "GET /admin/posts/9/edit HTTP/1.1" 200 - "-" "-"
::ffff:127.0.0.1 - - [25/Jun/2026:06:18:22 +0000] "DELETE /admin/autosave?_csrf=260729241382a079e32fde876febb45ccb33a7c994406733a4a41b9d989c49a8 HTTP/1.1" 200 11 "-" "-"
  console.log
    Γùç injected env (0) from .env // tip: Γùê secrets for agents [www.dotenvx.com]

      at _log (node_modules/dotenv/lib/main.js:131:11)

  console.log
    Γùç injected env (0) from .env // tip: Γîÿ multiple files { path: ['.env.local', '.env'] }

      at _log (node_modules/dotenv/lib/main.js:131:11)

::ffff:127.0.0.1 - - [25/Jun/2026:06:18:23 +0000] "GET /admin/login HTTP/1.1" 200 - "-" "-"
::ffff:127.0.0.1 - - [25/Jun/2026:06:18:24 +0000] "POST /admin/login HTTP/1.1" 302 28 "-" "-"
::ffff:127.0.0.1 - - [25/Jun/2026:06:18:24 +0000] "GET /admin/posts/create HTTP/1.1" 200 - "-" "-"
::ffff:127.0.0.1 - - [25/Jun/2026:06:18:24 +0000] "POST /admin/posts HTTP/1.1" 302 34 "-" "-"
::ffff:127.0.0.1 - - [25/Jun/2026:06:18:24 +0000] "GET /admin/login HTTP/1.1" 200 - "-" "-"
::ffff:127.0.0.1 - - [25/Jun/2026:06:18:24 +0000] "POST /admin/login HTTP/1.1" 302 28 "-" "-"
::ffff:127.0.0.1 - - [25/Jun/2026:06:18:25 +0000] "GET /admin/categories HTTP/1.1" 200 - "-" "-"
::ffff:127.0.0.1 - - [25/Jun/2026:06:18:25 +0000] "GET /admin/categories/create HTTP/1.1" 200 - "-" "-"
::ffff:127.0.0.1 - - [25/Jun/2026:06:18:25 +0000] "POST /admin/categories HTTP/1.1" 302 39 "-" "-"
::ffff:127.0.0.1 - - [25/Jun/2026:06:18:25 +0000] "GET /admin/login HTTP/1.1" 200 - "-" "-"
::ffff:127.0.0.1 - - [25/Jun/2026:06:18:25 +0000] "POST /admin/login HTTP/1.1" 302 28 "-" "-"
::ffff:127.0.0.1 - - [25/Jun/2026:06:18:25 +0000] "GET /admin/posts HTTP/1.1" 200 - "-" "-"
::ffff:127.0.0.1 - - [25/Jun/2026:06:18:26 +0000] "POST /admin/posts/bulk HTTP/1.1" 302 34 "-" "-"
::ffff:127.0.0.1 - - [25/Jun/2026:06:18:26 +0000] "GET /contact HTTP/1.1" 200 - "-" "-"
::ffff:127.0.0.1 - - [25/Jun/2026:06:18:26 +0000] "POST /contact HTTP/1.1" 302 30 "-" "-"
::ffff:127.0.0.1 - - [25/Jun/2026:06:18:26 +0000] "GET /tag/phase5-tag HTTP/1.1" 200 - "-" "-"
  console.log
    Γùç injected env (0) from .env // tip: Γîÿ custom filepath { path: '/custom/path/.env' }

      at _log (node_modules/dotenv/lib/main.js:131:11)

  console.log
    Γùç injected env (0) from .env // tip: Γîÿ override existing { override: true }

      at _log (node_modules/dotenv/lib/main.js:131:11)

::ffff:127.0.0.1 - - [25/Jun/2026:06:18:27 +0000] "GET /admin/login HTTP/1.1" 200 - "-" "-"
::ffff:127.0.0.1 - - [25/Jun/2026:06:18:27 +0000] "POST /admin/login HTTP/1.1" 302 28 "-" "-"
::ffff:127.0.0.1 - - [25/Jun/2026:06:18:27 +0000] "GET /admin/themes/customize/preview HTTP/1.1" 302 44 "-" "-"
::ffff:127.0.0.1 - - [25/Jun/2026:06:18:28 +0000] "GET /admin/login HTTP/1.1" 200 - "-" "-"
::ffff:127.0.0.1 - - [25/Jun/2026:06:18:28 +0000] "POST /admin/login HTTP/1.1" 302 28 "-" "-"
::ffff:127.0.0.1 - - [25/Jun/2026:06:18:29 +0000] "GET /admin/themes/classic-blog/preview HTTP/1.1" 302 50 "-" "-"
::ffff:127.0.0.1 - - [25/Jun/2026:06:18:29 +0000] "GET /admin/login HTTP/1.1" 200 - "-" "-"
::ffff:127.0.0.1 - - [25/Jun/2026:06:18:29 +0000] "POST /admin/login HTTP/1.1" 302 28 "-" "-"
::ffff:127.0.0.1 - - [25/Jun/2026:06:18:29 +0000] "GET /admin/themes/customize HTTP/1.1" 200 - "-" "-"
::ffff:127.0.0.1 - - [25/Jun/2026:06:18:29 +0000] "POST /admin/theme-settings/preview HTTP/1.1" 200 11 "-" "-"
::ffff:127.0.0.1 - - [25/Jun/2026:06:18:30 +0000] "GET /?customizer_preview=1 HTTP/1.1" 200 - "-" "-"
::ffff:127.0.0.1 - - [25/Jun/2026:06:18:30 +0000] "GET /admin/login HTTP/1.1" 200 - "-" "-"
::ffff:127.0.0.1 - - [25/Jun/2026:06:18:30 +0000] "POST /admin/login HTTP/1.1" 302 28 "-" "-"
::ffff:127.0.0.1 - - [25/Jun/2026:06:18:30 +0000] "GET /admin/themes/customize HTTP/1.1" 200 - "-" "-"
  console.log
    Γùç injected env (0) from .env // tip: Γîÿ suppress logs { quiet: true }

      at _log (node_modules/dotenv/lib/main.js:131:11)

  console.log
    Γùç injected env (0) from .env // tip: Γîÿ enable debugging { debug: true }

      at _log (node_modules/dotenv/lib/main.js:131:11)

::ffff:127.0.0.1 - - [25/Jun/2026:06:18:31 +0000] "GET /admin/login HTTP/1.1" 200 - "-" "-"
::ffff:127.0.0.1 - - [25/Jun/2026:06:18:31 +0000] "POST /admin/login HTTP/1.1" 302 28 "-" "-"
::ffff:127.0.0.1 - - [25/Jun/2026:06:18:32 +0000] "GET /admin/media HTTP/1.1" 200 - "-" "-"
::ffff:127.0.0.1 - - [25/Jun/2026:06:18:32 +0000] "GET /admin/login HTTP/1.1" 200 - "-" "-"
::ffff:127.0.0.1 - - [25/Jun/2026:06:18:32 +0000] "POST /admin/login HTTP/1.1" 302 28 "-" "-"
::ffff:127.0.0.1 - - [25/Jun/2026:06:18:32 +0000] "GET /admin/media/4/edit HTTP/1.1" 200 - "-" "-"
::ffff:127.0.0.1 - - [25/Jun/2026:06:18:32 +0000] "PUT /admin/media/4 HTTP/1.1" 302 41 "-" "-"
::ffff:127.0.0.1 - - [25/Jun/2026:06:18:33 +0000] "GET /admin/login HTTP/1.1" 200 - "-" "-"
::ffff:127.0.0.1 - - [25/Jun/2026:06:18:33 +0000] "POST /admin/login HTTP/1.1" 302 28 "-" "-"
::ffff:127.0.0.1 - - [25/Jun/2026:06:18:33 +0000] "GET /admin/settings/media-gallery?type=image HTTP/1.1" 200 907 "-" "-"
::ffff:127.0.0.1 - - [25/Jun/2026:06:18:33 +0000] "GET /admin/login HTTP/1.1" 200 - "-" "-"
::ffff:127.0.0.1 - - [25/Jun/2026:06:18:33 +0000] "POST /admin/login HTTP/1.1" 302 28 "-" "-"
::ffff:127.0.0.1 - - [25/Jun/2026:06:18:34 +0000] "GET /admin/media HTTP/1.1" 200 - "-" "-"
::ffff:127.0.0.1 - - [25/Jun/2026:06:18:34 +0000] "POST /admin/media/upload-json HTTP/1.1" 200 233 "-" "-"
::ffff:127.0.0.1 - - [25/Jun/2026:06:18:34 +0000] "GET /admin/media HTTP/1.1" 302 34 "-" "-"
  console.log
    Γùç injected env (0) from .env // tip: Γùê secrets for agents [www.dotenvx.com]

      at _log (node_modules/dotenv/lib/main.js:131:11)

  console.log
    Γùç injected env (0) from .env // tip: Γîü auth for agents [www.vestauth.com]

      at _log (node_modules/dotenv/lib/main.js:131:11)

::ffff:127.0.0.1 - - [25/Jun/2026:06:18:35 +0000] "GET /admin/login HTTP/1.1" 200 - "-" "-"
::ffff:127.0.0.1 - - [25/Jun/2026:06:18:35 +0000] "POST /admin/login HTTP/1.1" 302 28 "-" "-"
::ffff:127.0.0.1 - - [25/Jun/2026:06:18:36 +0000] "GET /admin/themes/classic-blog HTTP/1.1" 200 - "-" "-"
::ffff:127.0.0.1 - - [25/Jun/2026:06:18:36 +0000] "GET /admin/login HTTP/1.1" 200 - "-" "-"
::ffff:127.0.0.1 - - [25/Jun/2026:06:18:36 +0000] "POST /admin/login HTTP/1.1" 302 28 "-" "-"
::ffff:127.0.0.1 - - [25/Jun/2026:06:18:36 +0000] "GET /admin/themes HTTP/1.1" 200 - "-" "-"
::ffff:127.0.0.1 - - [25/Jun/2026:06:18:37 +0000] "GET /admin/login HTTP/1.1" 200 - "-" "-"
::ffff:127.0.0.1 - - [25/Jun/2026:06:18:37 +0000] "POST /admin/login HTTP/1.1" 302 28 "-" "-"
::ffff:127.0.0.1 - - [25/Jun/2026:06:18:37 +0000] "GET /admin/themes HTTP/1.1" 200 - "-" "-"
::ffff:127.0.0.1 - - [25/Jun/2026:06:18:37 +0000] "POST /admin/themes/activate HTTP/1.1" 302 35 "-" "-"
::ffff:127.0.0.1 - - [25/Jun/2026:06:18:38 +0000] "GET /admin/login HTTP/1.1" 200 - "-" "-"
::ffff:127.0.0.1 - - [25/Jun/2026:06:18:38 +0000] "POST /admin/login HTTP/1.1" 302 28 "-" "-"
::ffff:127.0.0.1 - - [25/Jun/2026:06:18:38 +0000] "GET /admin/themes HTTP/1.1" 200 - "-" "-"
::ffff:127.0.0.1 - - [25/Jun/2026:06:18:39 +0000] "POST /admin/themes/classic-blog/uninstall HTTP/1.1" 302 35 "-" "-"
  console.log
    Γùç injected env (0) from .env // tip: Γùê encrypted .env [www.dotenvx.com]

      at _log (node_modules/dotenv/lib/main.js:131:11)

  console.log
    Γùç injected env (0) from .env // tip: Γùê encrypted .env [www.dotenvx.com]

      at _log (node_modules/dotenv/lib/main.js:131:11)

::ffff:127.0.0.1 - - [25/Jun/2026:06:18:40 +0000] "GET /admin/login HTTP/1.1" 200 - "-" "-"
::ffff:127.0.0.1 - - [25/Jun/2026:06:18:40 +0000] "POST /admin/login HTTP/1.1" 302 28 "-" "-"
::ffff:127.0.0.1 - - [25/Jun/2026:06:18:40 +0000] "GET /admin/themes/customize HTTP/1.1" 200 - "-" "-"
::ffff:127.0.0.1 - - [25/Jun/2026:06:18:40 +0000] "GET /admin/login HTTP/1.1" 200 - "-" "-"
::ffff:127.0.0.1 - - [25/Jun/2026:06:18:41 +0000] "POST /admin/login HTTP/1.1" 302 28 "-" "-"
::ffff:127.0.0.1 - - [25/Jun/2026:06:18:41 +0000] "GET /admin/themes/customize HTTP/1.1" 200 - "-" "-"
::ffff:127.0.0.1 - - [25/Jun/2026:06:18:41 +0000] "PUT /admin/theme-settings HTTP/1.1" 302 45 "-" "-"
::ffff:127.0.0.1 - - [25/Jun/2026:06:18:41 +0000] "GET /admin/login HTTP/1.1" 200 - "-" "-"
::ffff:127.0.0.1 - - [25/Jun/2026:06:18:41 +0000] "POST /admin/login HTTP/1.1" 302 28 "-" "-"
::ffff:127.0.0.1 - - [25/Jun/2026:06:18:42 +0000] "GET /admin/themes/customize HTTP/1.1" 200 - "-" "-"
::ffff:127.0.0.1 - - [25/Jun/2026:06:18:42 +0000] "POST /admin/themes/reset HTTP/1.1" 302 45 "-" "-"
  console.log
    Γùç injected env (0) from .env // tip: Γùê secrets for agents [www.dotenvx.com]

      at _log (node_modules/dotenv/lib/main.js:131:11)

  console.log
    Γùç injected env (0) from .env // tip: Γùê secrets for agents [www.dotenvx.com]

      at _log (node_modules/dotenv/lib/main.js:131:11)

::ffff:127.0.0.1 - - [25/Jun/2026:06:18:43 +0000] "GET /post/imported-post-1782368323144 HTTP/1.1" 200 - "-" "-"
::ffff:127.0.0.1 - - [25/Jun/2026:06:18:43 +0000] "GET /admin/login HTTP/1.1" 200 - "-" "-"
::ffff:127.0.0.1 - - [25/Jun/2026:06:18:43 +0000] "POST /admin/login HTTP/1.1" 302 28 "-" "-"
::ffff:127.0.0.1 - - [25/Jun/2026:06:18:44 +0000] "GET /admin/tools/export/download?media=0 HTTP/1.1" 200 - "-" "-"
::ffff:127.0.0.1 - - [25/Jun/2026:06:18:44 +0000] "GET /admin/login HTTP/1.1" 200 - "-" "-"
::ffff:127.0.0.1 - - [25/Jun/2026:06:18:45 +0000] "POST /admin/login HTTP/1.1" 302 28 "-" "-"
::ffff:127.0.0.1 - - [25/Jun/2026:06:18:45 +0000] "GET /admin/tools/import HTTP/1.1" 200 - "-" "-"
::ffff:127.0.0.1 - - [25/Jun/2026:06:18:45 +0000] "POST /admin/tools/import/preview?_csrf=daff0a2bacc7317f98df5784615003ae6a9b4597b228daa375bcde62e8b20e35 HTTP/1.1" 200 - "-" "-"
  console.log
    Γùç injected env (0) from .env // tip: Γîÿ override existing { override: true }

      at _log (node_modules/dotenv/lib/main.js:131:11)

  console.log
    Γùç injected env (0) from .env // tip: Γîÿ suppress logs { quiet: true }

      at _log (node_modules/dotenv/lib/main.js:131:11)

::ffff:127.0.0.1 - - [25/Jun/2026:06:18:46 +0000] "GET /admin/login HTTP/1.1" 200 - "-" "-"
::ffff:127.0.0.1 - - [25/Jun/2026:06:18:46 +0000] "POST /admin/login HTTP/1.1" 302 28 "-" "-"
::ffff:127.0.0.1 - - [25/Jun/2026:06:18:46 +0000] "GET /admin/custom-post-types HTTP/1.1" 200 - "-" "-"
::ffff:127.0.0.1 - - [25/Jun/2026:06:18:47 +0000] "GET /admin/custom-post-types/create HTTP/1.1" 200 - "-" "-"
::ffff:127.0.0.1 - - [25/Jun/2026:06:18:47 +0000] "POST /admin/custom-post-types HTTP/1.1" 302 46 "-" "-"
::ffff:127.0.0.1 - - [25/Jun/2026:06:18:47 +0000] "GET /admin/content/news-1782368326811/create HTTP/1.1" 200 - "-" "-"
::ffff:127.0.0.1 - - [25/Jun/2026:06:18:47 +0000] "POST /admin/content/news-1782368326811 HTTP/1.1" 302 55 "-" "-"
::ffff:127.0.0.1 - - [25/Jun/2026:06:18:47 +0000] "GET /types/news-1782368326811 HTTP/1.1" 200 - "-" "-"
::ffff:127.0.0.1 - - [25/Jun/2026:06:18:47 +0000] "GET /types/news-1782368326811/item-1782368327404 HTTP/1.1" 200 - "-" "-"
::ffff:127.0.0.1 - - [25/Jun/2026:06:18:48 +0000] "GET /api/v1/types HTTP/1.1" 200 446 "-" "-"
::ffff:127.0.0.1 - - [25/Jun/2026:06:18:48 +0000] "GET /api/v1/types/news-1782368326811/content HTTP/1.1" 200 678 "-" "-"
::ffff:127.0.0.1 - - [25/Jun/2026:06:18:48 +0000] "GET /types/news-1782368326811 HTTP/1.1" 404 518 "-" "-"
::ffff:127.0.0.1 - - [25/Jun/2026:06:18:48 +0000] "GET /admin/login HTTP/1.1" 200 - "-" "-"
::ffff:127.0.0.1 - - [25/Jun/2026:06:18:48 +0000] "POST /admin/login HTTP/1.1" 302 28 "-" "-"
::ffff:127.0.0.1 - - [25/Jun/2026:06:18:48 +0000] "GET /admin/custom-post-types HTTP/1.1" 200 - "-" "-"
::ffff:127.0.0.1 - - [25/Jun/2026:06:18:49 +0000] "GET /admin/custom-post-types/1/edit HTTP/1.1" 200 - "-" "-"
  console.log
    Γùç injected env (0) from .env // tip: Γîÿ multiple files { path: ['.env.local', '.env'] }

      at _log (node_modules/dotenv/lib/main.js:131:11)

  console.log
    Γùç injected env (0) from .env // tip: Γùê encrypted .env [www.dotenvx.com]

      at _log (node_modules/dotenv/lib/main.js:131:11)

::ffff:127.0.0.1 - - [25/Jun/2026:06:18:50 +0000] "GET /admin/login HTTP/1.1" 200 - "-" "-"
::ffff:127.0.0.1 - - [25/Jun/2026:06:18:50 +0000] "POST /admin/login HTTP/1.1" 302 28 "-" "-"
::ffff:127.0.0.1 - - [25/Jun/2026:06:18:50 +0000] "GET /admin/security HTTP/1.1" 200 - "-" "-"
::ffff:127.0.0.1 - - [25/Jun/2026:06:18:50 +0000] "GET /admin/login HTTP/1.1" 200 - "-" "-"
::ffff:127.0.0.1 - - [25/Jun/2026:06:18:50 +0000] "POST /admin/login HTTP/1.1" 302 28 "-" "-"
::ffff:127.0.0.1 - - [25/Jun/2026:06:18:51 +0000] "GET /admin/security HTTP/1.1" 200 - "-" "-"
::ffff:127.0.0.1 - - [25/Jun/2026:06:18:51 +0000] "PUT /admin/security/settings HTTP/1.1" 302 37 "-" "-"
::ffff:127.0.0.1 - - [25/Jun/2026:06:18:51 +0000] "GET /admin/login HTTP/1.1" 200 - "-" "-"
::ffff:127.0.0.1 - - [25/Jun/2026:06:18:51 +0000] "POST /admin/login HTTP/1.1" 302 28 "-" "-"
::ffff:127.0.0.1 - - [25/Jun/2026:06:18:51 +0000] "GET /admin/security HTTP/1.1" 200 - "-" "-"
::ffff:127.0.0.1 - - [25/Jun/2026:06:18:52 +0000] "POST /admin/security/block-ip HTTP/1.1" 302 37 "-" "-"
::ffff:127.0.0.1 - - [25/Jun/2026:06:18:52 +0000] "GET /admin/security HTTP/1.1" 200 - "-" "-"
::ffff:127.0.0.1 - - [25/Jun/2026:06:18:52 +0000] "DELETE /admin/security/unblock-ip/1 HTTP/1.1" 302 37 "-" "-"
  console.log
    Γùç injected env (0) from .env // tip: Γîÿ multiple files { path: ['.env.local', '.env'] }

      at _log (node_modules/dotenv/lib/main.js:131:11)

  console.log
    Γùç injected env (0) from .env // tip: Γùê encrypted .env [www.dotenvx.com]

      at _log (node_modules/dotenv/lib/main.js:131:11)

::ffff:127.0.0.1 - - [25/Jun/2026:06:18:53 +0000] "GET /admin/login HTTP/1.1" 200 - "-" "-"
::ffff:127.0.0.1 - - [25/Jun/2026:06:18:53 +0000] "POST /admin/login HTTP/1.1" 302 28 "-" "-"
::ffff:127.0.0.1 - - [25/Jun/2026:06:18:53 +0000] "GET /admin/widgets HTTP/1.1" 200 - "-" "-"
::ffff:127.0.0.1 - - [25/Jun/2026:06:18:54 +0000] "GET /admin/login HTTP/1.1" 200 - "-" "-"
::ffff:127.0.0.1 - - [25/Jun/2026:06:18:54 +0000] "POST /admin/login HTTP/1.1" 302 28 "-" "-"
::ffff:127.0.0.1 - - [25/Jun/2026:06:18:54 +0000] "GET /admin/comments?status=pending HTTP/1.1" 200 - "-" "-"
::ffff:127.0.0.1 - - [25/Jun/2026:06:18:54 +0000] "GET /admin/login HTTP/1.1" 200 - "-" "-"
::ffff:127.0.0.1 - - [25/Jun/2026:06:18:55 +0000] "POST /admin/login HTTP/1.1" 302 28 "-" "-"
::ffff:127.0.0.1 - - [25/Jun/2026:06:18:55 +0000] "GET /admin/tools HTTP/1.1" 200 - "-" "-"
::ffff:127.0.0.1 - - [25/Jun/2026:06:18:55 +0000] "GET /admin/updates HTTP/1.1" 200 - "-" "-"
::ffff:127.0.0.1 - - [25/Jun/2026:06:18:55 +0000] "GET /admin/templates HTTP/1.1" 200 - "-" "-"
::ffff:127.0.0.1 - - [25/Jun/2026:06:18:55 +0000] "GET /api/v1/widgets HTTP/1.1" 200 11 "-" "-"
  console.log
    Γùç injected env (0) from .env // tip: Γîÿ enable debugging { debug: true }

      at _log (node_modules/dotenv/lib/main.js:131:11)

  console.log
    Γùç injected env (0) from .env // tip: Γîÿ suppress logs { quiet: true }

      at _log (node_modules/dotenv/lib/main.js:131:11)

::ffff:127.0.0.1 - - [25/Jun/2026:06:18:56 +0000] "GET /admin/login HTTP/1.1" 200 - "-" "-"
::ffff:127.0.0.1 - - [25/Jun/2026:06:18:56 +0000] "POST /admin/login HTTP/1.1" 302 28 "-" "-"
::ffff:127.0.0.1 - - [25/Jun/2026:06:18:57 +0000] "GET /admin/plugins/cookie-notice/settings HTTP/1.1" 200 - "-" "-"
::ffff:127.0.0.1 - - [25/Jun/2026:06:18:57 +0000] "GET /admin/login HTTP/1.1" 200 - "-" "-"
::ffff:127.0.0.1 - - [25/Jun/2026:06:18:57 +0000] "POST /admin/login HTTP/1.1" 302 28 "-" "-"
::ffff:127.0.0.1 - - [25/Jun/2026:06:18:57 +0000] "GET /admin/plugins/cookie-notice/settings HTTP/1.1" 200 - "-" "-"
::ffff:127.0.0.1 - - [25/Jun/2026:06:18:58 +0000] "PUT /admin/plugins/cookie-notice/settings?_csrf=aab01a91b561a00e8994f03cf25195fc51dc6c62bed768cc96ac076b9f998f3f HTTP/1.1" 302 59 "-" "-"
  console.log
    Γùç injected env (0) from .env // tip: Γîÿ custom filepath { path: '/custom/path/.env' }

      at _log (node_modules/dotenv/lib/main.js:131:11)

  console.log
    Γùç injected env (0) from .env // tip: Γîÿ custom filepath { path: '/custom/path/.env' }

      at _log (node_modules/dotenv/lib/main.js:131:11)

::ffff:127.0.0.1 - - [25/Jun/2026:06:18:58 +0000] "GET /admin/login HTTP/1.1" 200 - "-" "-"
::ffff:127.0.0.1 - - [25/Jun/2026:06:18:59 +0000] "POST /admin/login HTTP/1.1" 302 28 "-" "-"
::ffff:127.0.0.1 - - [25/Jun/2026:06:18:59 +0000] "GET /admin/templates HTTP/1.1" 200 - "-" "-"
::ffff:127.0.0.1 - - [25/Jun/2026:06:18:59 +0000] "GET /admin/templates HTTP/1.1" 200 - "-" "-"
::ffff:127.0.0.1 - - [25/Jun/2026:06:18:59 +0000] "POST /admin/templates/defaults HTTP/1.1" 302 38 "-" "-"
::ffff:127.0.0.1 - - [25/Jun/2026:06:18:59 +0000] "GET /admin/templates/3/edit HTTP/1.1" 200 - "-" "-"
::ffff:127.0.0.1 - - [25/Jun/2026:06:19:00 +0000] "GET /admin/templates/3/edit HTTP/1.1" 200 - "-" "-"
::ffff:127.0.0.1 - - [25/Jun/2026:06:19:00 +0000] "PUT /admin/templates/3 HTTP/1.1" 302 38 "-" "-"
::ffff:127.0.0.1 - - [25/Jun/2026:06:19:00 +0000] "GET /admin/login HTTP/1.1" 200 - "-" "-"
::ffff:127.0.0.1 - - [25/Jun/2026:06:19:00 +0000] "POST /admin/login HTTP/1.1" 302 28 "-" "-"
::ffff:127.0.0.1 - - [25/Jun/2026:06:19:00 +0000] "GET /admin/templates/1/edit HTTP/1.1" 200 - "-" "-"
::ffff:127.0.0.1 - - [25/Jun/2026:06:19:00 +0000] "PUT /admin/templates/1 HTTP/1.1" 302 45 "-" "-"
  console.log
    Γùç injected env (0) from .env // tip: Γîÿ enable debugging { debug: true }

      at _log (node_modules/dotenv/lib/main.js:131:11)

  console.log
    Γùç injected env (0) from .env // tip: Γîÿ enable debugging { debug: true }

      at _log (node_modules/dotenv/lib/main.js:131:11)

  console.log
    Γùç injected env (0) from .env // tip: Γîü auth for agents [www.vestauth.com]

      at _log (node_modules/dotenv/lib/main.js:131:11)

  console.log
    Γùç injected env (0) from .env // tip: Γîÿ enable debugging { debug: true }

      at _log (node_modules/dotenv/lib/main.js:131:11)

::ffff:127.0.0.1 - - [25/Jun/2026:06:19:05 +0000] "GET / HTTP/1.1" 200 - "-" "-"
::ffff:127.0.0.1 - - [25/Jun/2026:06:19:05 +0000] "GET /admin/login HTTP/1.1" 200 - "-" "-"
::ffff:127.0.0.1 - - [25/Jun/2026:06:19:05 +0000] "POST /admin/login HTTP/1.1" 302 28 "-" "-"
2026-06-25T06:19:05.592Z [31merror[39m: request_error invalid csrf token {"service":"nodepress-cms","stack":"Error: invalid csrf token\n    at csrfProtection (E:\\Projects\\nodepress_cms\\middleware\\csrf.js:29:19)\n    at Layer.handleRequest (E:\\Projects\\nodepress_cms\\node_modules\\router\\lib\\layer.js:152:17)\n    at trimPrefix (E:\\Projects\\nodepress_cms\\node_modules\\router\\index.js:342:13)\n    at E:\\Projects\\nodepress_cms\\node_modules\\router\\index.js:297:9\n    at processParams (E:\\Projects\\nodepress_cms\\node_modules\\router\\index.js:582:12)\n    at next (E:\\Projects\\nodepress_cms\\node_modules\\router\\index.js:291:5)\n    at E:\\Projects\\nodepress_cms\\node_modules\\connect-flash\\lib\\flash.js:21:5\n    at Layer.handleRequest (E:\\Projects\\nodepress_cms\\node_modules\\router\\lib\\layer.js:152:17)\n    at trimPrefix (E:\\Projects\\nodepress_cms\\node_modules\\router\\index.js:342:13)\n    at E:\\Projects\\nodepress_cms\\node_modules\\router\\index.js:297:9\n    at processParams (E:\\Projects\\nodepress_cms\\node_modules\\router\\index.js:582:12)\n    at next (E:\\Projects\\nodepress_cms\\node_modules\\router\\index.js:291:5)\n    at E:\\Projects\\nodepress_cms\\node_modules\\express-session\\index.js:521:7\n    at E:\\Projects\\nodepress_cms\\node_modules\\connect-session-sequelize\\lib\\connect-session-sequelize.js:22:7\n    at processTicksAndRejections (node:internal/process/task_queues:105:5)","status":403,"code":"EBADCSRFTOKEN","path":"/admin/posts","method":"POST","ip":"::ffff:127.0.0.1"}
::ffff:127.0.0.1 - - [25/Jun/2026:06:19:05 +0000] "POST /admin/posts HTTP/1.1" 403 556 "-" "-"
::ffff:127.0.0.1 - - [25/Jun/2026:06:19:05 +0000] "GET /admin/login HTTP/1.1" 200 - "-" "-"
::ffff:127.0.0.1 - - [25/Jun/2026:06:19:06 +0000] "POST /admin/login HTTP/1.1" 302 28 "-" "-"
::ffff:127.0.0.1 - - [25/Jun/2026:06:19:06 +0000] "GET /admin/posts/create HTTP/1.1" 200 - "-" "-"
::ffff:127.0.0.1 - - [25/Jun/2026:06:19:06 +0000] "POST /admin/posts HTTP/1.1" 302 34 "-" "-"
::ffff:127.0.0.1 - - [25/Jun/2026:06:19:06 +0000] "GET /search?q=1%27%20OR%20%271%27=%271 HTTP/1.1" 200 - "-" "-"
::ffff:127.0.0.1 - - [25/Jun/2026:06:19:06 +0000] "GET /admin/login HTTP/1.1" 200 - "-" "-"
  console.log
    Γùç injected env (0) from .env // tip: Γîÿ override existing { override: true }

      at _log (node_modules/dotenv/lib/main.js:131:11)

  console.log
    Γùç injected env (0) from .env // tip: Γîÿ override existing { override: true }

      at _log (node_modules/dotenv/lib/main.js:131:11)

::ffff:127.0.0.1 - - [25/Jun/2026:06:19:07 +0000] "GET / HTTP/1.1" 200 - "-" "-"
::ffff:127.0.0.1 - - [25/Jun/2026:06:19:08 +0000] "GET /?q=1%20UNION%20SELECT%20null HTTP/1.1" 200 - "-" "-"
::ffff:127.0.0.1 - - [25/Jun/2026:06:19:08 +0000] "GET /?search=1%20OR%201%3D1 HTTP/1.1" 200 - "-" "-"
::ffff:127.0.0.1 - - [25/Jun/2026:06:19:08 +0000] "GET / HTTP/1.1" 200 - "-" "sqlmap/1.0"
::ffff:127.0.0.1 - - [25/Jun/2026:06:19:08 +0000] "GET /.env HTTP/1.1" 404 518 "-" "-"
::ffff:127.0.0.1 - - [25/Jun/2026:06:19:08 +0000] "GET /?id=1%20UNION%20SELECT%201 HTTP/1.1" 200 - "-" "-"
  console.log
    Γùç injected env (0) from .env // tip: Γîÿ enable debugging { debug: true }

      at _log (node_modules/dotenv/lib/main.js:131:11)

  console.log
    Γùç injected env (0) from .env // tip: Γîÿ override existing { override: true }

      at _log (node_modules/dotenv/lib/main.js:131:11)

::ffff:127.0.0.1 - - [25/Jun/2026:06:19:09 +0000] "GET /admin/login HTTP/1.1" 200 - "-" "-"
::ffff:127.0.0.1 - - [25/Jun/2026:06:19:10 +0000] "POST /admin/login HTTP/1.1" 302 28 "-" "-"
::ffff:127.0.0.1 - - [25/Jun/2026:06:19:10 +0000] "GET /admin/field-groups HTTP/1.1" 200 - "-" "-"
::ffff:127.0.0.1 - - [25/Jun/2026:06:19:10 +0000] "GET /admin/field-groups/create HTTP/1.1" 200 - "-" "-"
::ffff:127.0.0.1 - - [25/Jun/2026:06:19:10 +0000] "POST /admin/field-groups HTTP/1.1" 302 41 "-" "-"
::ffff:127.0.0.1 - - [25/Jun/2026:06:19:10 +0000] "GET /admin/login HTTP/1.1" 200 - "-" "-"
::ffff:127.0.0.1 - - [25/Jun/2026:06:19:11 +0000] "POST /admin/login HTTP/1.1" 302 28 "-" "-"
::ffff:127.0.0.1 - - [25/Jun/2026:06:19:11 +0000] "GET /admin/content/events-1782368350741/create HTTP/1.1" 200 - "-" "-"
::ffff:127.0.0.1 - - [25/Jun/2026:06:19:11 +0000] "POST /admin/content/events-1782368350741?_csrf=d202521083582d8ea35642510966968e9994ed9b622f4560032527bc2d44ea01 HTTP/1.1" 302 57 "-" "-"
::ffff:127.0.0.1 - - [25/Jun/2026:06:19:11 +0000] "GET /types/events-1782368350741/town-hall-1782368351198 HTTP/1.1" 200 - "-" "-"
  console.log
    Γùç injected env (0) from .env // tip: Γîÿ enable debugging { debug: true }

      at _log (node_modules/dotenv/lib/main.js:131:11)

  console.log
    Γùç injected env (0) from .env // tip: Γîÿ override existing { override: true }

      at _log (node_modules/dotenv/lib/main.js:131:11)

::ffff:127.0.0.1 - - [25/Jun/2026:06:19:12 +0000] "GET / HTTP/1.1" 200 - "-" "-"
::ffff:127.0.0.1 - - [25/Jun/2026:06:19:13 +0000] "GET /blog HTTP/1.1" 200 - "-" "-"
::ffff:127.0.0.1 - - [25/Jun/2026:06:19:13 +0000] "GET /post/welcome-post-test HTTP/1.1" 200 - "-" "-"
::ffff:127.0.0.1 - - [25/Jun/2026:06:19:13 +0000] "GET /page/about-test HTTP/1.1" 200 - "-" "-"
::ffff:127.0.0.1 - - [25/Jun/2026:06:19:13 +0000] "GET /search?q=welcome HTTP/1.1" 200 - "-" "-"
::ffff:127.0.0.1 - - [25/Jun/2026:06:19:13 +0000] "GET /category/news HTTP/1.1" 200 - "-" "-"
::ffff:127.0.0.1 - - [25/Jun/2026:06:19:13 +0000] "GET /sitemap.xml HTTP/1.1" 200 927 "-" "-"
::ffff:127.0.0.1 - - [25/Jun/2026:06:19:14 +0000] "GET /robots.txt HTTP/1.1" 200 66 "-" "-"
::ffff:127.0.0.1 - - [25/Jun/2026:06:19:14 +0000] "GET /contact HTTP/1.1" 200 - "-" "-"
  console.log
    Γùç injected env (0) from .env // tip: Γîÿ multiple files { path: ['.env.local', '.env'] }

      at _log (node_modules/dotenv/lib/main.js:131:11)

  console.log
    Γùç injected env (0) from .env // tip: Γîü auth for agents [www.vestauth.com]

      at _log (node_modules/dotenv/lib/main.js:131:11)

::ffff:127.0.0.1 - - [25/Jun/2026:06:19:15 +0000] "GET /admin/login HTTP/1.1" 200 - "-" "-"
::ffff:127.0.0.1 - - [25/Jun/2026:06:19:15 +0000] "POST /admin/login HTTP/1.1" 302 28 "-" "-"
::ffff:127.0.0.1 - - [25/Jun/2026:06:19:15 +0000] "GET /admin/network HTTP/1.1" 302 28 "-" "-"
::ffff:127.0.0.1 - - [25/Jun/2026:06:19:15 +0000] "GET / HTTP/1.1" 200 - "-" "-"
::ffff:127.0.0.1 - - [25/Jun/2026:06:19:15 +0000] "GET /health HTTP/1.1" 200 75 "-" "-"
::ffff:127.0.0.1 - - [25/Jun/2026:06:19:16 +0000] "GET /admin/login HTTP/1.1" 200 - "-" "-"
::ffff:127.0.0.1 - - [25/Jun/2026:06:19:16 +0000] "POST /admin/login HTTP/1.1" 302 28 "-" "-"
::ffff:127.0.0.1 - - [25/Jun/2026:06:19:16 +0000] "GET /admin/network HTTP/1.1" 200 - "-" "-"
::ffff:127.0.0.1 - - [25/Jun/2026:06:19:16 +0000] "GET /admin/network/create HTTP/1.1" 200 - "-" "-"
::ffff:127.0.0.1 - - [25/Jun/2026:06:19:16 +0000] "POST /admin/network HTTP/1.1" 302 36 "-" "-"
  console.log
    Γùç injected env (0) from .env // tip: Γîÿ suppress logs { quiet: true }

      at _log (node_modules/dotenv/lib/main.js:131:11)

  console.log
    Γùç injected env (0) from .env // tip: Γîÿ suppress logs { quiet: true }

      at _log (node_modules/dotenv/lib/main.js:131:11)

::ffff:127.0.0.1 - - [25/Jun/2026:06:19:17 +0000] "GET /api/v1/pages/api-v1-page-1782368357670 HTTP/1.1" 200 435 "-" "-"
::ffff:127.0.0.1 - - [25/Jun/2026:06:19:18 +0000] "GET /admin/login HTTP/1.1" 200 - "-" "-"
::ffff:127.0.0.1 - - [25/Jun/2026:06:19:18 +0000] "POST /admin/login HTTP/1.1" 302 28 "-" "-"
::ffff:127.0.0.1 - - [25/Jun/2026:06:19:18 +0000] "POST /api/v1/pages HTTP/1.1" 201 245 "-" "-"
::ffff:127.0.0.1 - - [25/Jun/2026:06:19:18 +0000] "GET /api/v1/comments HTTP/1.1" 200 60 "-" "-"
::ffff:127.0.0.1 - - [25/Jun/2026:06:19:18 +0000] "GET /admin/login HTTP/1.1" 200 - "-" "-"
::ffff:127.0.0.1 - - [25/Jun/2026:06:19:19 +0000] "POST /admin/login HTTP/1.1" 302 28 "-" "-"
::ffff:127.0.0.1 - - [25/Jun/2026:06:19:19 +0000] "DELETE /api/v1/pages/api-v1-del-1782368358625 HTTP/1.1" 200 25 "-" "-"
  console.log
    Γùç injected env (0) from .env // tip: Γîÿ suppress logs { quiet: true }

      at _log (node_modules/dotenv/lib/main.js:131:11)

  console.log
    Γùç injected env (0) from .env // tip: Γùê encrypted .env [www.dotenvx.com]

      at _log (node_modules/dotenv/lib/main.js:131:11)

::ffff:127.0.0.1 - - [25/Jun/2026:06:19:20 +0000] "GET /admin/login HTTP/1.1" 200 - "-" "-"
::ffff:127.0.0.1 - - [25/Jun/2026:06:19:20 +0000] "POST /admin/login HTTP/1.1" 302 28 "-" "-"
::ffff:127.0.0.1 - - [25/Jun/2026:06:19:20 +0000] "GET /admin/media HTTP/1.1" 200 - "-" "-"
::ffff:127.0.0.1 - - [25/Jun/2026:06:19:20 +0000] "POST /admin/media/upload HTTP/1.1" 302 34 "-" "-"
::ffff:127.0.0.1 - - [25/Jun/2026:06:19:20 +0000] "GET /admin/media HTTP/1.1" 200 - "-" "-"
::ffff:127.0.0.1 - - [25/Jun/2026:06:19:21 +0000] "GET /admin/login HTTP/1.1" 200 - "-" "-"
::ffff:127.0.0.1 - - [25/Jun/2026:06:19:21 +0000] "POST /admin/login HTTP/1.1" 302 28 "-" "-"
::ffff:127.0.0.1 - - [25/Jun/2026:06:19:21 +0000] "GET /admin/media HTTP/1.1" 200 - "-" "-"
2026-06-25T06:19:21.709Z [31merror[39m: request_error File type is not allowed. {"service":"nodepress-cms","stack":"Error: File type is not allowed.\n    at fileFilter (E:\\Projects\\nodepress_cms\\middleware\\upload.js:52:21)\n    at wrappedFileFilter (E:\\Projects\\nodepress_cms\\node_modules\\multer\\index.js:45:7)\n    at Multipart.<anonymous> (E:\\Projects\\nodepress_cms\\node_modules\\multer\\lib\\make-middleware.js:193:7)\n    at Multipart.emit (node:events:519:28)\n    at HeaderParser.cb (E:\\Projects\\nodepress_cms\\node_modules\\busboy\\lib\\types\\multipart.js:358:14)\n    at HeaderParser.push (E:\\Projects\\nodepress_cms\\node_modules\\busboy\\lib\\types\\multipart.js:162:20)\n    at SBMH.ssCb [as _cb] (E:\\Projects\\nodepress_cms\\node_modules\\busboy\\lib\\types\\multipart.js:394:37)\n    at feed (E:\\Projects\\nodepress_cms\\node_modules\\streamsearch\\lib\\sbmh.js:219:14)\n    at SBMH.push (E:\\Projects\\nodepress_cms\\node_modules\\streamsearch\\lib\\sbmh.js:104:16)\n    at Multipart._write (E:\\Projects\\nodepress_cms\\node_modules\\busboy\\lib\\types\\multipart.js:567:19)\n    at writeOrBuffer (node:internal/streams/writable:572:12)\n    at _write (node:internal/streams/writable:501:10)\n    at Multipart.Writable.write (node:internal/streams/writable:510:10)\n    at IncomingMessage.ondata (node:internal/streams/readable:1009:22)\n    at IncomingMessage.emit (node:events:519:28)\n    at IncomingMessage.Readable.read (node:internal/streams/readable:782:10)\n    at flow (node:internal/streams/readable:1283:53)\n    at resume_ (node:internal/streams/readable:1262:3)\n    at processTicksAndRejections (node:internal/process/task_queues:90:21)","status":500,"path":"/admin/media/upload","method":"POST","ip":"::ffff:127.0.0.1"}
::ffff:127.0.0.1 - - [25/Jun/2026:06:19:21 +0000] "POST /admin/media/upload HTTP/1.1" 500 497 "-" "-"
2026-06-25T06:19:21.743Z [31merror[39m: request_error invalid csrf token {"service":"nodepress-cms","stack":"Error: invalid csrf token\n    at csrfProtection (E:\\Projects\\nodepress_cms\\middleware\\csrf.js:29:19)\n    at Layer.handleRequest (E:\\Projects\\nodepress_cms\\node_modules\\router\\lib\\layer.js:152:17)\n    at trimPrefix (E:\\Projects\\nodepress_cms\\node_modules\\router\\index.js:342:13)\n    at E:\\Projects\\nodepress_cms\\node_modules\\router\\index.js:297:9\n    at processParams (E:\\Projects\\nodepress_cms\\node_modules\\router\\index.js:582:12)\n    at next (E:\\Projects\\nodepress_cms\\node_modules\\router\\index.js:291:5)\n    at E:\\Projects\\nodepress_cms\\node_modules\\connect-flash\\lib\\flash.js:21:5\n    at Layer.handleRequest (E:\\Projects\\nodepress_cms\\node_modules\\router\\lib\\layer.js:152:17)\n    at trimPrefix (E:\\Projects\\nodepress_cms\\node_modules\\router\\index.js:342:13)\n    at E:\\Projects\\nodepress_cms\\node_modules\\router\\index.js:297:9\n    at processParams (E:\\Projects\\nodepress_cms\\node_modules\\router\\index.js:582:12)\n    at next (E:\\Projects\\nodepress_cms\\node_modules\\router\\index.js:291:5)\n    at session (E:\\Projects\\nodepress_cms\\node_modules\\express-session\\index.js:494:7)\n    at Layer.handleRequest (E:\\Projects\\nodepress_cms\\node_modules\\router\\lib\\layer.js:152:17)\n    at trimPrefix (E:\\Projects\\nodepress_cms\\node_modules\\router\\index.js:342:13)\n    at E:\\Projects\\nodepress_cms\\node_modules\\router\\index.js:297:9\n    at processParams (E:\\Projects\\nodepress_cms\\node_modules\\router\\index.js:582:12)\n    at next (E:\\Projects\\nodepress_cms\\node_modules\\router\\index.js:291:5)\n    at methodOverride (E:\\Projects\\nodepress_cms\\node_modules\\method-override\\index.js:79:5)\n    at Layer.handleRequest (E:\\Projects\\nodepress_cms\\node_modules\\router\\lib\\layer.js:152:17)\n    at trimPrefix (E:\\Projects\\nodepress_cms\\node_modules\\router\\index.js:342:13)\n    at E:\\Projects\\nodepress_cms\\node_modules\\router\\index.js:297:9\n    at processParams (E:\\Projects\\nodepress_cms\\node_modules\\router\\index.js:582:12)\n    at next (E:\\Projects\\nodepress_cms\\node_modules\\router\\index.js:291:5)\n    at cookieParser (E:\\Projects\\nodepress_cms\\node_modules\\cookie-parser\\index.js:57:14)\n    at Layer.handleRequest (E:\\Projects\\nodepress_cms\\node_modules\\router\\lib\\layer.js:152:17)\n    at trimPrefix (E:\\Projects\\nodepress_cms\\node_modules\\router\\index.js:342:13)\n    at E:\\Projects\\nodepress_cms\\node_modules\\router\\index.js:297:9\n    at processParams (E:\\Projects\\nodepress_cms\\node_modules\\router\\index.js:582:12)\n    at next (E:\\Projects\\nodepress_cms\\node_modules\\router\\index.js:291:5)\n    at read (E:\\Projects\\nodepress_cms\\node_modules\\body-parser\\lib\\read.js:62:5)\n    at jsonParser (E:\\Projects\\nodepress_cms\\node_modules\\body-parser\\lib\\types\\json.js:60:5)\n    at Layer.handleRequest (E:\\Projects\\nodepress_cms\\node_modules\\router\\lib\\layer.js:152:17)\n    at trimPrefix (E:\\Projects\\nodepress_cms\\node_modules\\router\\index.js:342:13)\n    at E:\\Projects\\nodepress_cms\\node_modules\\router\\index.js:297:9\n    at processParams (E:\\Projects\\nodepress_cms\\node_modules\\router\\index.js:582:12)\n    at next (E:\\Projects\\nodepress_cms\\node_modules\\router\\index.js:291:5)\n    at read (E:\\Projects\\nodepress_cms\\node_modules\\body-parser\\lib\\read.js:62:5)\n    at urlencodedParser (E:\\Projects\\nodepress_cms\\node_modules\\body-parser\\lib\\types\\urlencoded.js:51:5)\n    at Layer.handleRequest (E:\\Projects\\nodepress_cms\\node_modules\\router\\lib\\layer.js:152:17)\n    at trimPrefix (E:\\Projects\\nodepress_cms\\node_modules\\router\\index.js:342:13)\n    at E:\\Projects\\nodepress_cms\\node_modules\\router\\index.js:297:9\n    at processParams (E:\\Projects\\nodepress_cms\\node_modules\\router\\index.js:582:12)\n    at next (E:\\Projects\\nodepress_cms\\node_modules\\router\\index.js:291:5)\n    at E:\\Projects\\nodepress_cms\\node_modules\\router\\index.js:688:15\n    at next (E:\\Projects\\nodepress_cms\\node_modules\\router\\index.js:276:14)\n    at Function.handle (E:\\Projects\\nodepress_cms\\node_modules\\router\\index.js:186:3)\n    at router (E:\\Projects\\nodepress_cms\\node_modules\\router\\index.js:60:12)\n    at Layer.handleRequest (E:\\Projects\\nodepress_cms\\node_modules\\router\\lib\\layer.js:152:17)\n    at trimPrefix (E:\\Projects\\nodepress_cms\\node_modules\\router\\index.js:342:13)\n    at E:\\Projects\\nodepress_cms\\node_modules\\router\\index.js:297:9\n    at processParams (E:\\Projects\\nodepress_cms\\node_modules\\router\\index.js:582:12)\n    at next (E:\\Projects\\nodepress_cms\\node_modules\\router\\index.js:291:5)\n    at serveStatic (E:\\Projects\\nodepress_cms\\node_modules\\serve-static\\index.js:74:16)\n    at Layer.handleRequest (E:\\Projects\\nodepress_cms\\node_modules\\router\\lib\\layer.js:152:17)\n    at trimPrefix (E:\\Projects\\nodepress_cms\\node_modules\\router\\index.js:342:13)\n    at E:\\Projects\\nodepress_cms\\node_modules\\router\\index.js:297:9\n    at processParams (E:\\Projects\\nodepress_cms\\node_modules\\router\\index.js:582:12)\n    at next (E:\\Projects\\nodepress_cms\\node_modules\\router\\index.js:291:5)\n    at next (E:\\Projects\\nodepress_cms\\middleware\\security.js:60:14)\n    at processTicksAndRejections (node:internal/process/task_queues:105:5)","status":403,"code":"EBADCSRFTOKEN","path":"/admin/media/upload","method":"POST","ip":"::ffff:127.0.0.1"}
::ffff:127.0.0.1 - - [25/Jun/2026:06:19:21 +0000] "POST /admin/media/upload HTTP/1.1" 403 556 "-" "-"
  console.log
    Γùç injected env (0) from .env // tip: Γùê secrets for agents [www.dotenvx.com]

      at _log (node_modules/dotenv/lib/main.js:131:11)

  console.log
    Γùç injected env (0) from .env // tip: Γîÿ enable debugging { debug: true }

      at _log (node_modules/dotenv/lib/main.js:131:11)

::ffff:127.0.0.1 - - [25/Jun/2026:06:19:22 +0000] "GET /api/posts HTTP/1.1" 200 - "-" "-"
::ffff:127.0.0.1 - - [25/Jun/2026:06:19:23 +0000] "GET /api/posts/api-published-post HTTP/1.1" 200 759 "-" "-"
::ffff:127.0.0.1 - - [25/Jun/2026:06:19:23 +0000] "GET /api/posts/does-not-exist-api-slug HTTP/1.1" 404 28 "-" "-"
::ffff:127.0.0.1 - - [25/Jun/2026:06:19:23 +0000] "GET /api/pages/api-published-page HTTP/1.1" 200 426 "-" "-"
::ffff:127.0.0.1 - - [25/Jun/2026:06:19:23 +0000] "GET /api/categories HTTP/1.1" 200 - "-" "-"
::ffff:127.0.0.1 - - [25/Jun/2026:06:19:23 +0000] "GET /api/unknown-endpoint HTTP/1.1" 404 29 "-" "-"
  console.log
    Γùç injected env (0) from .env // tip: Γîÿ suppress logs { quiet: true }

      at _log (node_modules/dotenv/lib/main.js:131:11)

  console.log
    Γùç injected env (0) from .env // tip: Γîü auth for agents [www.vestauth.com]

      at _log (node_modules/dotenv/lib/main.js:131:11)

::ffff:127.0.0.1 - - [25/Jun/2026:06:19:24 +0000] "GET /post/comment-test-post HTTP/1.1" 200 - "-" "-"
::ffff:127.0.0.1 - - [25/Jun/2026:06:19:24 +0000] "POST /post/20/comment HTTP/1.1" 302 54 "-" "-"
::ffff:127.0.0.1 - - [25/Jun/2026:06:19:25 +0000] "GET /admin/login HTTP/1.1" 200 - "-" "-"
::ffff:127.0.0.1 - - [25/Jun/2026:06:19:25 +0000] "POST /admin/login HTTP/1.1" 302 28 "-" "-"
::ffff:127.0.0.1 - - [25/Jun/2026:06:19:25 +0000] "GET /admin/comments HTTP/1.1" 200 - "-" "-"
  console.log
    Γùç injected env (0) from .env // tip: Γùê secrets for agents [www.dotenvx.com]

      at _log (node_modules/dotenv/lib/main.js:131:11)

  console.log
    Γùç injected env (0) from .env // tip: Γîÿ custom filepath { path: '/custom/path/.env' }

      at _log (node_modules/dotenv/lib/main.js:131:11)

::ffff:127.0.0.1 - - [25/Jun/2026:06:19:26 +0000] "GET /admin/login HTTP/1.1" 200 - "-" "-"
::ffff:127.0.0.1 - - [25/Jun/2026:06:19:26 +0000] "POST /admin/login HTTP/1.1" 302 28 "-" "-"
::ffff:127.0.0.1 - - [25/Jun/2026:06:19:27 +0000] "GET /admin/posts HTTP/1.1" 200 - "-" "-"
::ffff:127.0.0.1 - - [25/Jun/2026:06:19:27 +0000] "DELETE /admin/posts/22?_csrf=b5d4ce17190976a891dd3aa21429bc6a5d5057e8e7bb1bce4d93c97c9765a084 HTTP/1.1" 302 34 "-" "-"
::ffff:127.0.0.1 - - [25/Jun/2026:06:19:27 +0000] "GET /admin/posts?trashed=1 HTTP/1.1" 200 - "-" "-"
::ffff:127.0.0.1 - - [25/Jun/2026:06:19:27 +0000] "POST /admin/posts/22/restore?_csrf=b5d4ce17190976a891dd3aa21429bc6a5d5057e8e7bb1bce4d93c97c9765a084 HTTP/1.1" 302 34 "-" "-"
  console.log
    Γùç injected env (0) from .env // tip: Γîÿ enable debugging { debug: true }

      at _log (node_modules/dotenv/lib/main.js:131:11)

  console.log
    Γùç injected env (0) from .env // tip: Γîÿ multiple files { path: ['.env.local', '.env'] }

      at _log (node_modules/dotenv/lib/main.js:131:11)

::ffff:127.0.0.1 - - [25/Jun/2026:06:19:28 +0000] "GET /admin/login HTTP/1.1" 200 - "-" "-"
::ffff:127.0.0.1 - - [25/Jun/2026:06:19:29 +0000] "POST /admin/login HTTP/1.1" 302 28 "-" "-"
::ffff:127.0.0.1 - - [25/Jun/2026:06:19:29 +0000] "GET /admin/plugins/migration-test-plugin HTTP/1.1" 200 - "-" "-"
::ffff:127.0.0.1 - - [25/Jun/2026:06:19:29 +0000] "POST /admin/plugins/migration-test-plugin/migrate HTTP/1.1" 302 58 "-" "-"
  console.log
    Γùç injected env (0) from .env // tip: Γùê encrypted .env [www.dotenvx.com]

      at _log (node_modules/dotenv/lib/main.js:131:11)

  console.log
    Γùç injected env (0) from .env // tip: Γîÿ suppress logs { quiet: true }

      at _log (node_modules/dotenv/lib/main.js:131:11)

::ffff:127.0.0.1 - - [25/Jun/2026:06:19:30 +0000] "GET / HTTP/1.1" 200 - "-" "-"
::ffff:127.0.0.1 - - [25/Jun/2026:06:19:31 +0000] "GET / HTTP/1.1" 200 - "-" "-"
::ffff:127.0.0.1 - - [25/Jun/2026:06:19:31 +0000] "GET / HTTP/1.1" 200 - "-" "-"
::ffff:127.0.0.1 - - [25/Jun/2026:06:19:31 +0000] "GET / HTTP/1.1" 200 - "-" "-"
  console.log
    Γùç injected env (0) from .env // tip: Γùê secrets for agents [www.dotenvx.com]

      at _log (node_modules/dotenv/lib/main.js:131:11)

  console.log
    Γùç injected env (0) from .env // tip: Γîÿ override existing { override: true }

      at _log (node_modules/dotenv/lib/main.js:131:11)

::ffff:127.0.0.1 - - [25/Jun/2026:06:19:32 +0000] "GET /admin/login HTTP/1.1" 200 - "-" "-"
::ffff:127.0.0.1 - - [25/Jun/2026:06:19:32 +0000] "POST /admin/login HTTP/1.1" 302 28 "-" "-"
::ffff:127.0.0.1 - - [25/Jun/2026:06:19:33 +0000] "GET /admin/plugins HTTP/1.1" 200 - "-" "-"
2026-06-25T06:19:33.350Z [31merror[39m: request_error Only .zip archives are allowed. {"service":"nodepress-cms","stack":"Error: Only .zip archives are allowed.\n    at fileFilter (E:\\Projects\\nodepress_cms\\middleware\\zipUpload.js:24:23)\n    at wrappedFileFilter (E:\\Projects\\nodepress_cms\\node_modules\\multer\\index.js:45:7)\n    at Multipart.<anonymous> (E:\\Projects\\nodepress_cms\\node_modules\\multer\\lib\\make-middleware.js:193:7)\n    at Multipart.emit (node:events:519:28)\n    at HeaderParser.cb (E:\\Projects\\nodepress_cms\\node_modules\\busboy\\lib\\types\\multipart.js:358:14)\n    at HeaderParser.push (E:\\Projects\\nodepress_cms\\node_modules\\busboy\\lib\\types\\multipart.js:162:20)\n    at SBMH.ssCb [as _cb] (E:\\Projects\\nodepress_cms\\node_modules\\busboy\\lib\\types\\multipart.js:394:37)\n    at feed (E:\\Projects\\nodepress_cms\\node_modules\\streamsearch\\lib\\sbmh.js:219:14)\n    at SBMH.push (E:\\Projects\\nodepress_cms\\node_modules\\streamsearch\\lib\\sbmh.js:104:16)\n    at Multipart._write (E:\\Projects\\nodepress_cms\\node_modules\\busboy\\lib\\types\\multipart.js:567:19)\n    at writeOrBuffer (node:internal/streams/writable:572:12)\n    at _write (node:internal/streams/writable:501:10)\n    at Multipart.Writable.write (node:internal/streams/writable:510:10)\n    at IncomingMessage.ondata (node:internal/streams/readable:1009:22)\n    at IncomingMessage.emit (node:events:519:28)\n    at IncomingMessage.Readable.read (node:internal/streams/readable:782:10)\n    at flow (node:internal/streams/readable:1283:53)\n    at resume_ (node:internal/streams/readable:1262:3)\n    at processTicksAndRejections (node:internal/process/task_queues:90:21)","status":500,"path":"/admin/plugins/upload","method":"POST","ip":"::ffff:127.0.0.1"}
::ffff:127.0.0.1 - - [25/Jun/2026:06:19:33 +0000] "POST /admin/plugins/upload HTTP/1.1" 500 497 "-" "-"
  console.log
    Γùç injected env (0) from .env // tip: Γîü auth for agents [www.vestauth.com]

      at _log (node_modules/dotenv/lib/main.js:131:11)

  console.log
    Γùç injected env (0) from .env // tip: Γîÿ suppress logs { quiet: true }

      at _log (node_modules/dotenv/lib/main.js:131:11)

::ffff:127.0.0.1 - - [25/Jun/2026:06:19:34 +0000] "GET /admin/login HTTP/1.1" 200 - "-" "-"
::ffff:127.0.0.1 - - [25/Jun/2026:06:19:34 +0000] "POST /admin/login HTTP/1.1" 302 28 "-" "-"
::ffff:127.0.0.1 - - [25/Jun/2026:06:19:34 +0000] "GET /admin/settings/database HTTP/1.1" 200 - "-" "-"
  console.log
    Γùç injected env (0) from .env // tip: Γùê encrypted .env [www.dotenvx.com]

      at _log (node_modules/dotenv/lib/main.js:131:11)

  console.log
    Γùç injected env (0) from .env // tip: Γîÿ enable debugging { debug: true }

      at _log (node_modules/dotenv/lib/main.js:131:11)

  console.log
    Γùç injected env (0) from .env // tip: Γîÿ override existing { override: true }

      at _log (node_modules/dotenv/lib/main.js:131:11)

  console.log
    Γùç injected env (0) from .env // tip: Γîü auth for agents [www.vestauth.com]

      at _log (node_modules/dotenv/lib/main.js:131:11)

::ffff:127.0.0.1 - - [25/Jun/2026:06:19:37 +0000] "GET / HTTP/1.1" 200 - "-" "-"
::ffff:127.0.0.1 - - [25/Jun/2026:06:19:37 +0000] "GET /page/does-not-exist-xyz HTTP/1.1" 404 - "-" "-"
::ffff:127.0.0.1 - - [25/Jun/2026:06:19:37 +0000] "GET /search?q=welcome HTTP/1.1" 200 - "-" "-"
  console.log
    Γùç injected env (0) from .env // tip: Γùê secrets for agents [www.dotenvx.com]

      at _log (node_modules/dotenv/lib/main.js:131:11)

  console.log
    Γùç injected env (0) from .env // tip: Γîÿ override existing { override: true }

      at _log (node_modules/dotenv/lib/main.js:131:11)

::ffff:127.0.0.1 - - [25/Jun/2026:06:19:38 +0000] "GET / HTTP/1.1" 200 - "-" "-"
2026-06-25T06:19:38.864Z [31merror[39m: request_error invalid csrf token {"service":"nodepress-cms","stack":"Error: invalid csrf token\n    at csrfProtection (E:\\Projects\\nodepress_cms\\middleware\\csrf.js:29:19)\n    at Layer.handleRequest (E:\\Projects\\nodepress_cms\\node_modules\\router\\lib\\layer.js:152:17)\n    at trimPrefix (E:\\Projects\\nodepress_cms\\node_modules\\router\\index.js:342:13)\n    at E:\\Projects\\nodepress_cms\\node_modules\\router\\index.js:297:9\n    at processParams (E:\\Projects\\nodepress_cms\\node_modules\\router\\index.js:582:12)\n    at next (E:\\Projects\\nodepress_cms\\node_modules\\router\\index.js:291:5)\n    at E:\\Projects\\nodepress_cms\\node_modules\\connect-flash\\lib\\flash.js:21:5\n    at Layer.handleRequest (E:\\Projects\\nodepress_cms\\node_modules\\router\\lib\\layer.js:152:17)\n    at trimPrefix (E:\\Projects\\nodepress_cms\\node_modules\\router\\index.js:342:13)\n    at E:\\Projects\\nodepress_cms\\node_modules\\router\\index.js:297:9\n    at processParams (E:\\Projects\\nodepress_cms\\node_modules\\router\\index.js:582:12)\n    at next (E:\\Projects\\nodepress_cms\\node_modules\\router\\index.js:291:5)\n    at session (E:\\Projects\\nodepress_cms\\node_modules\\express-session\\index.js:494:7)\n    at Layer.handleRequest (E:\\Projects\\nodepress_cms\\node_modules\\router\\lib\\layer.js:152:17)\n    at trimPrefix (E:\\Projects\\nodepress_cms\\node_modules\\router\\index.js:342:13)\n    at E:\\Projects\\nodepress_cms\\node_modules\\router\\index.js:297:9\n    at processParams (E:\\Projects\\nodepress_cms\\node_modules\\router\\index.js:582:12)\n    at next (E:\\Projects\\nodepress_cms\\node_modules\\router\\index.js:291:5)\n    at methodOverride (E:\\Projects\\nodepress_cms\\node_modules\\method-override\\index.js:79:5)\n    at Layer.handleRequest (E:\\Projects\\nodepress_cms\\node_modules\\router\\lib\\layer.js:152:17)\n    at trimPrefix (E:\\Projects\\nodepress_cms\\node_modules\\router\\index.js:342:13)\n    at E:\\Projects\\nodepress_cms\\node_modules\\router\\index.js:297:9\n    at processParams (E:\\Projects\\nodepress_cms\\node_modules\\router\\index.js:582:12)\n    at next (E:\\Projects\\nodepress_cms\\node_modules\\router\\index.js:291:5)\n    at cookieParser (E:\\Projects\\nodepress_cms\\node_modules\\cookie-parser\\index.js:57:14)\n    at Layer.handleRequest (E:\\Projects\\nodepress_cms\\node_modules\\router\\lib\\layer.js:152:17)\n    at trimPrefix (E:\\Projects\\nodepress_cms\\node_modules\\router\\index.js:342:13)\n    at E:\\Projects\\nodepress_cms\\node_modules\\router\\index.js:297:9\n    at processParams (E:\\Projects\\nodepress_cms\\node_modules\\router\\index.js:582:12)\n    at next (E:\\Projects\\nodepress_cms\\node_modules\\router\\index.js:291:5)\n    at E:\\Projects\\nodepress_cms\\node_modules\\body-parser\\lib\\read.js:171:5\n    at AsyncResource.runInAsyncScope (node:async_hooks:214:14)\n    at invokeCallback (E:\\Projects\\nodepress_cms\\node_modules\\raw-body\\index.js:238:16)\n    at done (E:\\Projects\\nodepress_cms\\node_modules\\raw-body\\index.js:227:7)\n    at IncomingMessage.onEnd (E:\\Projects\\nodepress_cms\\node_modules\\raw-body\\index.js:287:7)\n    at IncomingMessage.emit (node:events:519:28)\n    at endReadableNT (node:internal/streams/readable:1698:12)\n    at processTicksAndRejections (node:internal/process/task_queues:90:21)","status":403,"code":"EBADCSRFTOKEN","path":"/contact","method":"POST","ip":"::ffff:127.0.0.1"}
::ffff:127.0.0.1 - - [25/Jun/2026:06:19:38 +0000] "POST /contact HTTP/1.1" 403 556 "-" "-"
  console.log
    Γùç injected env (0) from .env // tip: Γùê encrypted .env [www.dotenvx.com]

      at _log (node_modules/dotenv/lib/main.js:131:11)

  console.log
    Γùç injected env (0) from .env // tip: Γîÿ multiple files { path: ['.env.local', '.env'] }

      at _log (node_modules/dotenv/lib/main.js:131:11)

  console.log
    Γùç injected env (0) from .env // tip: Γîÿ override existing { override: true }

      at _log (node_modules/dotenv/lib/main.js:131:11)

  console.log
    Γùç injected env (0) from .env // tip: Γîÿ custom filepath { path: '/custom/path/.env' }

      at _log (node_modules/dotenv/lib/main.js:131:11)

  console.log
    Γùç injected env (0) from .env // tip: Γùê encrypted .env [www.dotenvx.com]

      at _log (node_modules/dotenv/lib/main.js:131:11)

  console.log
    Γùç injected env (0) from .env // tip: Γîü auth for agents [www.vestauth.com]

      at _log (node_modules/dotenv/lib/main.js:131:11)

::ffff:127.0.0.1 - - [25/Jun/2026:06:19:41 +0000] "GET /health HTTP/1.1" 200 75 "-" "-"
::ffff:127.0.0.1 - - [25/Jun/2026:06:19:41 +0000] "GET /ready HTTP/1.1" 200 73 "-" "-"
::ffff:127.0.0.1 - - [25/Jun/2026:06:19:41 +0000] "GET /health HTTP/1.1" 200 75 "-" "-"
  console.log
    Γùç injected env (0) from .env // tip: Γîü auth for agents [www.vestauth.com]

      at _log (node_modules/dotenv/lib/main.js:131:11)

  console.log
    Γùç injected env (0) from .env // tip: Γùê secrets for agents [www.dotenvx.com]

      at _log (node_modules/dotenv/lib/main.js:131:11)

2026-06-25T06:19:42.888Z [31merror[39m: request_error boom {"service":"nodepress-cms","stack":"Error: boom\n    at Object.<anonymous> (E:\\Projects\\nodepress_cms\\tests\\middleware.test.js:71:16)\n    at Promise.finally.completed (E:\\Projects\\nodepress_cms\\node_modules\\jest-circus\\build\\jestAdapterInit.js:1561:28)\n    at new Promise (<anonymous>)\n    at callAsyncCircusFn (E:\\Projects\\nodepress_cms\\node_modules\\jest-circus\\build\\jestAdapterInit.js:1501:10)\n    at _callCircusTest (E:\\Projects\\nodepress_cms\\node_modules\\jest-circus\\build\\jestAdapterInit.js:1011:40)\n    at processTicksAndRejections (node:internal/process/task_queues:105:5)\n    at _runTest (E:\\Projects\\nodepress_cms\\node_modules\\jest-circus\\build\\jestAdapterInit.js:951:3)\n    at E:\\Projects\\nodepress_cms\\node_modules\\jest-circus\\build\\jestAdapterInit.js:853:7\n    at _runTestsForDescribeBlock (E:\\Projects\\nodepress_cms\\node_modules\\jest-circus\\build\\jestAdapterInit.js:866:11)\n    at run (E:\\Projects\\nodepress_cms\\node_modules\\jest-circus\\build\\jestAdapterInit.js:765:3)\n    at runAndTransformResultsToJestFormat (E:\\Projects\\nodepress_cms\\node_modules\\jest-circus\\build\\jestAdapterInit.js:1993:21)\n    at jestAdapter (E:\\Projects\\nodepress_cms\\node_modules\\jest-circus\\build\\runner.js:111:19)\n    at runTestInternal (E:\\Projects\\nodepress_cms\\node_modules\\jest-runner\\build\\index.js:276:16)\n    at runTest (E:\\Projects\\nodepress_cms\\node_modules\\jest-runner\\build\\index.js:344:7)","status":500,"path":"/api/posts","method":"GET","ip":"127.0.0.1"}
2026-06-25T06:19:42.901Z [31merror[39m: request_error invalid csrf token {"service":"nodepress-cms","stack":"Error: invalid csrf token\n    at Object.<anonymous> (E:\\Projects\\nodepress_cms\\tests\\middleware.test.js:80:17)\n    at Promise.finally.completed (E:\\Projects\\nodepress_cms\\node_modules\\jest-circus\\build\\jestAdapterInit.js:1561:28)\n    at new Promise (<anonymous>)\n    at callAsyncCircusFn (E:\\Projects\\nodepress_cms\\node_modules\\jest-circus\\build\\jestAdapterInit.js:1501:10)\n    at _callCircusTest (E:\\Projects\\nodepress_cms\\node_modules\\jest-circus\\build\\jestAdapterInit.js:1011:40)\n    at processTicksAndRejections (node:internal/process/task_queues:105:5)\n    at _runTest (E:\\Projects\\nodepress_cms\\node_modules\\jest-circus\\build\\jestAdapterInit.js:951:3)\n    at E:\\Projects\\nodepress_cms\\node_modules\\jest-circus\\build\\jestAdapterInit.js:853:7\n    at _runTestsForDescribeBlock (E:\\Projects\\nodepress_cms\\node_modules\\jest-circus\\build\\jestAdapterInit.js:866:11)\n    at run (E:\\Projects\\nodepress_cms\\node_modules\\jest-circus\\build\\jestAdapterInit.js:765:3)\n    at runAndTransformResultsToJestFormat (E:\\Projects\\nodepress_cms\\node_modules\\jest-circus\\build\\jestAdapterInit.js:1993:21)\n    at jestAdapter (E:\\Projects\\nodepress_cms\\node_modules\\jest-circus\\build\\runner.js:111:19)\n    at runTestInternal (E:\\Projects\\nodepress_cms\\node_modules\\jest-runner\\build\\index.js:276:16)\n    at runTest (E:\\Projects\\nodepress_cms\\node_modules\\jest-runner\\build\\index.js:344:7)","status":403,"code":"EBADCSRFTOKEN","path":"/contact","method":"POST","ip":"127.0.0.1"}
  console.log
    Γùç injected env (0) from .env // tip: Γùê secrets for agents [www.dotenvx.com]

      at _log (node_modules/dotenv/lib/main.js:131:11)

  console.log
    Γùç injected env (0) from .env // tip: Γîÿ override existing { override: true }

      at _log (node_modules/dotenv/lib/main.js:131:11)

  console.log
    Γùç injected env (0) from .env // tip: Γîü auth for agents [www.vestauth.com]

      at _log (node_modules/dotenv/lib/main.js:131:11)

  console.log
    Γùç injected env (0) from .env // tip: Γîÿ suppress logs { quiet: true }

      at _log (node_modules/dotenv/lib/main.js:131:11)

  console.log
    Γùç injected env (0) from .env // tip: Γîÿ override existing { override: true }

      at _log (node_modules/dotenv/lib/main.js:131:11)

  console.log
    Γùç injected env (0) from .env // tip: Γîÿ suppress logs { quiet: true }

      at _log (node_modules/dotenv/lib/main.js:131:11)

  console.log
    Γùç injected env (0) from .env // tip: Γîÿ override existing { override: true }

      at _log (node_modules/dotenv/lib/main.js:131:11)

  console.log
    Γùç injected env (0) from .env // tip: Γîÿ enable debugging { debug: true }

      at _log (node_modules/dotenv/lib/main.js:131:11)

  console.log
    Γùç injected env (0) from .env // tip: Γîÿ override existing { override: true }

      at _log (node_modules/dotenv/lib/main.js:131:11)

  console.log
    Γùç injected env (0) from .env // tip: Γîÿ enable debugging { debug: true }

      at _log (node_modules/dotenv/lib/main.js:131:11)

  console.log
    Γùç injected env (0) from .env // tip: Γùê encrypted .env [www.dotenvx.com]

      at _log (node_modules/dotenv/lib/main.js:131:11)

  console.log
    Γùç injected env (0) from .env // tip: Γîÿ enable debugging { debug: true }

      at _log (node_modules/dotenv/lib/main.js:131:11)

  console.log
    Γùç injected env (0) from .env // tip: Γîü auth for agents [www.vestauth.com]

      at _log (node_modules/dotenv/lib/main.js:131:11)

  console.log
    Γùç injected env (0) from .env // tip: Γùê encrypted .env [www.dotenvx.com]

      at _log (node_modules/dotenv/lib/main.js:131:11)

  console.log
    Γùç injected env (0) from .env // tip: Γùê secrets for agents [www.dotenvx.com]

      at _log (node_modules/dotenv/lib/main.js:131:11)

  console.log
    Γùç injected env (0) from .env // tip: Γîü auth for agents [www.vestauth.com]

      at _log (node_modules/dotenv/lib/main.js:131:11)

  console.log
    Γùç injected env (0) from .env // tip: Γîÿ multiple files { path: ['.env.local', '.env'] }

      at _log (node_modules/dotenv/lib/main.js:131:11)

  console.log
    Γùç injected env (0) from .env // tip: Γùê secrets for agents [www.dotenvx.com]

      at _log (node_modules/dotenv/lib/main.js:131:11)

  console.log
    Γùç injected env (0) from .env // tip: Γîÿ enable debugging { debug: true }

      at _log (node_modules/dotenv/lib/main.js:131:11)

  console.log
    Γùç injected env (0) from .env // tip: Γîÿ override existing { override: true }

      at _log (node_modules/dotenv/lib/main.js:131:11)

Test Suites: 57 passed, 57 total
Tests:       313 passed, 313 total
Snapshots:   0 total
Time:        167.203 s, estimated 232 s
Ran all test suites.
Force exiting Jest: Have you considered using `--detectOpenHandles` to detect async operations that kept running after 
all tests finished?
